<testsuites id="" name="" tests="17" failures="17" skipped="0" errors="0" time="144.62124">
<testsuite name="propertyDetails.spec.ts" timestamp="2025-06-13T19:48:17.388Z" hostname="Mobile Chrome" tests="7" failures="7" skipped="0" time="247.075" errors="0">
<testcase name="Finn.no Property Details Tests › Property details page displays comprehensive information" classname="propertyDetails.spec.ts" time="35.648">
<failure message="propertyDetails.spec.ts:22:7 Property details page displays comprehensive information" type="FAILURE">
<![CDATA[  [Mobile Chrome] › propertyDetails.spec.ts:22:7 › Finn.no Property Details Tests › Property details page displays comprehensive information 

    TimeoutError: locator.fill: Timeout 15000ms exceeded.
    Call log:
      - waiting for locator('[data-testid="search-input"], input[aria-label*="Søk i Eiendom"], input[placeholder*="by eller adresse"]').first()
        - locator resolved to <input name="q" value="" id="R187tq75" type="search" role="combobox" autocorrect="off" autocomplete="off" spellcheck="false" autocapitalize="off" aria-expanded="false" enterkeyhint="search" aria-autocomplete="list" aria-label="Søk i Eiendom" aria-controls="R187tq75-listbox" class="block text-m leading-m mb-0 px-8 py-12 rounded-4 w-full focusable focus:[--w-outline-offset:-2px] caret-current  pr-40  border-1 s-text s-bg s-border hover:s-border-hover active:s-border-selected   "/>
        - fill("Oslo")
      - attempting fill action
        2 × waiting for element to be visible, enabled and editable
          - element is not visible
        - retrying fill action
        - waiting 20ms
        2 × waiting for element to be visible, enabled and editable
          - element is not visible
        - retrying fill action
          - waiting 100ms
        29 × waiting for element to be visible, enabled and editable
           - element is not visible
         - retrying fill action
           - waiting 500ms


       at ../pages/SearchPage.ts:75

      73 |
      74 |   async searchByLocation(location: string): Promise<void> {
    > 75 |     await this.searchInput.fill(location);
         |                            ^
      76 |
      77 |     // Wait for autocomplete suggestions if they appear
      78 |     await this.page.waitForTimeout(500);
        at SearchPage.searchByLocation (/Users/maksimblagushko/QA_HR/playwright-test-example/tests/pages/SearchPage.ts:75:28)
        at /Users/maksimblagushko/QA_HR/playwright-test-example/tests/specs/propertyDetails.spec.ts:18:22

    attachment #1: screenshot (image/png) ──────────────────────────────────────────────────────────
    test-results/propertyDetails-Finn-no-Pr-f4441-s-comprehensive-information-Mobile-Chrome/test-failed-1.png
    ────────────────────────────────────────────────────────────────────────────────────────────────

    attachment #2: video (video/webm) ──────────────────────────────────────────────────────────────
    test-results/propertyDetails-Finn-no-Pr-f4441-s-comprehensive-information-Mobile-Chrome/video.webm
    ────────────────────────────────────────────────────────────────────────────────────────────────

    Error Context: ../../test-results/propertyDetails-Finn-no-Pr-f4441-s-comprehensive-information-Mobile-Chrome/error-context.md

    attachment #4: trace (application/zip) ─────────────────────────────────────────────────────────
    test-results/propertyDetails-Finn-no-Pr-f4441-s-comprehensive-information-Mobile-Chrome/trace.zip
    Usage:

        npx playwright show-trace test-results/propertyDetails-Finn-no-Pr-f4441-s-comprehensive-information-Mobile-Chrome/trace.zip

    ────────────────────────────────────────────────────────────────────────────────────────────────

    Retry #1 ───────────────────────────────────────────────────────────────────────────────────────

    TimeoutError: locator.fill: Timeout 15000ms exceeded.
    Call log:
      - waiting for locator('[data-testid="search-input"], input[aria-label*="Søk i Eiendom"], input[placeholder*="by eller adresse"]').first()
        - locator resolved to <input name="q" value="" id="R187tq75" type="search" role="combobox" autocorrect="off" autocomplete="off" spellcheck="false" autocapitalize="off" aria-expanded="false" enterkeyhint="search" aria-autocomplete="list" aria-label="Søk i Eiendom" aria-controls="R187tq75-listbox" class="block text-m leading-m mb-0 px-8 py-12 rounded-4 w-full focusable focus:[--w-outline-offset:-2px] caret-current  pr-40  border-1 s-text s-bg s-border hover:s-border-hover active:s-border-selected   "/>
        - fill("Oslo")
      - attempting fill action
        2 × waiting for element to be visible, enabled and editable
          - element is not visible
        - retrying fill action
        - waiting 20ms
        2 × waiting for element to be visible, enabled and editable
          - element is not visible
        - retrying fill action
          - waiting 100ms
        29 × waiting for element to be visible, enabled and editable
           - element is not visible
         - retrying fill action
           - waiting 500ms


       at ../pages/SearchPage.ts:75

      73 |
      74 |   async searchByLocation(location: string): Promise<void> {
    > 75 |     await this.searchInput.fill(location);
         |                            ^
      76 |
      77 |     // Wait for autocomplete suggestions if they appear
      78 |     await this.page.waitForTimeout(500);
        at SearchPage.searchByLocation (/Users/maksimblagushko/QA_HR/playwright-test-example/tests/pages/SearchPage.ts:75:28)
        at /Users/maksimblagushko/QA_HR/playwright-test-example/tests/specs/propertyDetails.spec.ts:18:22

    attachment #1: screenshot (image/png) ──────────────────────────────────────────────────────────
    test-results/propertyDetails-Finn-no-Pr-f4441-s-comprehensive-information-Mobile-Chrome-retry1/test-failed-1.png
    ────────────────────────────────────────────────────────────────────────────────────────────────

    attachment #2: video (video/webm) ──────────────────────────────────────────────────────────────
    test-results/propertyDetails-Finn-no-Pr-f4441-s-comprehensive-information-Mobile-Chrome-retry1/video.webm
    ────────────────────────────────────────────────────────────────────────────────────────────────

    Error Context: ../../test-results/propertyDetails-Finn-no-Pr-f4441-s-comprehensive-information-Mobile-Chrome-retry1/error-context.md

    attachment #4: trace (application/zip) ─────────────────────────────────────────────────────────
    test-results/propertyDetails-Finn-no-Pr-f4441-s-comprehensive-information-Mobile-Chrome-retry1/trace.zip
    Usage:

        npx playwright show-trace test-results/propertyDetails-Finn-no-Pr-f4441-s-comprehensive-information-Mobile-Chrome-retry1/trace.zip

    ────────────────────────────────────────────────────────────────────────────────────────────────
]]>
</failure>
<system-out>
<![CDATA[
[[ATTACHMENT|propertyDetails-Finn-no-Pr-f4441-s-comprehensive-information-Mobile-Chrome/test-failed-1.png]]

[[ATTACHMENT|propertyDetails-Finn-no-Pr-f4441-s-comprehensive-information-Mobile-Chrome/video.webm]]

[[ATTACHMENT|propertyDetails-Finn-no-Pr-f4441-s-comprehensive-information-Mobile-Chrome/error-context.md]]

[[ATTACHMENT|propertyDetails-Finn-no-Pr-f4441-s-comprehensive-information-Mobile-Chrome/trace.zip]]

[[ATTACHMENT|propertyDetails-Finn-no-Pr-f4441-s-comprehensive-information-Mobile-Chrome-retry1/test-failed-1.png]]

[[ATTACHMENT|propertyDetails-Finn-no-Pr-f4441-s-comprehensive-information-Mobile-Chrome-retry1/video.webm]]

[[ATTACHMENT|propertyDetails-Finn-no-Pr-f4441-s-comprehensive-information-Mobile-Chrome-retry1/error-context.md]]

[[ATTACHMENT|propertyDetails-Finn-no-Pr-f4441-s-comprehensive-information-Mobile-Chrome-retry1/trace.zip]]
]]>
</system-out>
</testcase>
<testcase name="Finn.no Property Details Tests › Image gallery navigation works correctly" classname="propertyDetails.spec.ts" time="34.992">
<failure message="propertyDetails.spec.ts:52:7 Image gallery navigation works correctly" type="FAILURE">
<![CDATA[  [Mobile Chrome] › propertyDetails.spec.ts:52:7 › Finn.no Property Details Tests › Image gallery navigation works correctly 

    TimeoutError: locator.fill: Timeout 15000ms exceeded.
    Call log:
      - waiting for locator('[data-testid="search-input"], input[aria-label*="Søk i Eiendom"], input[placeholder*="by eller adresse"]').first()
        - locator resolved to <input name="q" value="" id="R187tq75" type="search" role="combobox" autocorrect="off" autocomplete="off" spellcheck="false" autocapitalize="off" aria-expanded="false" enterkeyhint="search" aria-autocomplete="list" aria-label="Søk i Eiendom" aria-controls="R187tq75-listbox" class="block text-m leading-m mb-0 px-8 py-12 rounded-4 w-full focusable focus:[--w-outline-offset:-2px] caret-current  pr-40  border-1 s-text s-bg s-border hover:s-border-hover active:s-border-selected   "/>
        - fill("Oslo")
      - attempting fill action
        2 × waiting for element to be visible, enabled and editable
          - element is not visible
        - retrying fill action
        - waiting 20ms
        2 × waiting for element to be visible, enabled and editable
          - element is not visible
        - retrying fill action
          - waiting 100ms
        29 × waiting for element to be visible, enabled and editable
           - element is not visible
         - retrying fill action
           - waiting 500ms


       at ../pages/SearchPage.ts:75

      73 |
      74 |   async searchByLocation(location: string): Promise<void> {
    > 75 |     await this.searchInput.fill(location);
         |                            ^
      76 |
      77 |     // Wait for autocomplete suggestions if they appear
      78 |     await this.page.waitForTimeout(500);
        at SearchPage.searchByLocation (/Users/maksimblagushko/QA_HR/playwright-test-example/tests/pages/SearchPage.ts:75:28)
        at /Users/maksimblagushko/QA_HR/playwright-test-example/tests/specs/propertyDetails.spec.ts:18:22

    attachment #1: screenshot (image/png) ──────────────────────────────────────────────────────────
    test-results/propertyDetails-Finn-no-Pr-f5ee6--navigation-works-correctly-Mobile-Chrome/test-failed-1.png
    ────────────────────────────────────────────────────────────────────────────────────────────────

    attachment #2: video (video/webm) ──────────────────────────────────────────────────────────────
    test-results/propertyDetails-Finn-no-Pr-f5ee6--navigation-works-correctly-Mobile-Chrome/video.webm
    ────────────────────────────────────────────────────────────────────────────────────────────────

    Error Context: ../../test-results/propertyDetails-Finn-no-Pr-f5ee6--navigation-works-correctly-Mobile-Chrome/error-context.md

    attachment #4: trace (application/zip) ─────────────────────────────────────────────────────────
    test-results/propertyDetails-Finn-no-Pr-f5ee6--navigation-works-correctly-Mobile-Chrome/trace.zip
    Usage:

        npx playwright show-trace test-results/propertyDetails-Finn-no-Pr-f5ee6--navigation-works-correctly-Mobile-Chrome/trace.zip

    ────────────────────────────────────────────────────────────────────────────────────────────────

    Retry #1 ───────────────────────────────────────────────────────────────────────────────────────

    TimeoutError: locator.fill: Timeout 15000ms exceeded.
    Call log:
      - waiting for locator('[data-testid="search-input"], input[aria-label*="Søk i Eiendom"], input[placeholder*="by eller adresse"]').first()
        - locator resolved to <input name="q" value="" id="R187tq75" type="search" role="combobox" autocorrect="off" autocomplete="off" spellcheck="false" autocapitalize="off" aria-expanded="false" enterkeyhint="search" aria-autocomplete="list" aria-label="Søk i Eiendom" aria-controls="R187tq75-listbox" class="block text-m leading-m mb-0 px-8 py-12 rounded-4 w-full focusable focus:[--w-outline-offset:-2px] caret-current  pr-40  border-1 s-text s-bg s-border hover:s-border-hover active:s-border-selected   "/>
        - fill("Oslo")
      - attempting fill action
        2 × waiting for element to be visible, enabled and editable
          - element is not visible
        - retrying fill action
        - waiting 20ms
        2 × waiting for element to be visible, enabled and editable
          - element is not visible
        - retrying fill action
          - waiting 100ms
        29 × waiting for element to be visible, enabled and editable
           - element is not visible
         - retrying fill action
           - waiting 500ms


       at ../pages/SearchPage.ts:75

      73 |
      74 |   async searchByLocation(location: string): Promise<void> {
    > 75 |     await this.searchInput.fill(location);
         |                            ^
      76 |
      77 |     // Wait for autocomplete suggestions if they appear
      78 |     await this.page.waitForTimeout(500);
        at SearchPage.searchByLocation (/Users/maksimblagushko/QA_HR/playwright-test-example/tests/pages/SearchPage.ts:75:28)
        at /Users/maksimblagushko/QA_HR/playwright-test-example/tests/specs/propertyDetails.spec.ts:18:22

    attachment #1: screenshot (image/png) ──────────────────────────────────────────────────────────
    test-results/propertyDetails-Finn-no-Pr-f5ee6--navigation-works-correctly-Mobile-Chrome-retry1/test-failed-1.png
    ────────────────────────────────────────────────────────────────────────────────────────────────

    attachment #2: video (video/webm) ──────────────────────────────────────────────────────────────
    test-results/propertyDetails-Finn-no-Pr-f5ee6--navigation-works-correctly-Mobile-Chrome-retry1/video.webm
    ────────────────────────────────────────────────────────────────────────────────────────────────

    Error Context: ../../test-results/propertyDetails-Finn-no-Pr-f5ee6--navigation-works-correctly-Mobile-Chrome-retry1/error-context.md

    attachment #4: trace (application/zip) ─────────────────────────────────────────────────────────
    test-results/propertyDetails-Finn-no-Pr-f5ee6--navigation-works-correctly-Mobile-Chrome-retry1/trace.zip
    Usage:

        npx playwright show-trace test-results/propertyDetails-Finn-no-Pr-f5ee6--navigation-works-correctly-Mobile-Chrome-retry1/trace.zip

    ────────────────────────────────────────────────────────────────────────────────────────────────
]]>
</failure>
<system-out>
<![CDATA[
[[ATTACHMENT|propertyDetails-Finn-no-Pr-f5ee6--navigation-works-correctly-Mobile-Chrome/test-failed-1.png]]

[[ATTACHMENT|propertyDetails-Finn-no-Pr-f5ee6--navigation-works-correctly-Mobile-Chrome/video.webm]]

[[ATTACHMENT|propertyDetails-Finn-no-Pr-f5ee6--navigation-works-correctly-Mobile-Chrome/error-context.md]]

[[ATTACHMENT|propertyDetails-Finn-no-Pr-f5ee6--navigation-works-correctly-Mobile-Chrome/trace.zip]]

[[ATTACHMENT|propertyDetails-Finn-no-Pr-f5ee6--navigation-works-correctly-Mobile-Chrome-retry1/test-failed-1.png]]

[[ATTACHMENT|propertyDetails-Finn-no-Pr-f5ee6--navigation-works-correctly-Mobile-Chrome-retry1/video.webm]]

[[ATTACHMENT|propertyDetails-Finn-no-Pr-f5ee6--navigation-works-correctly-Mobile-Chrome-retry1/error-context.md]]

[[ATTACHMENT|propertyDetails-Finn-no-Pr-f5ee6--navigation-works-correctly-Mobile-Chrome-retry1/trace.zip]]
]]>
</system-out>
</testcase>
<testcase name="Finn.no Property Details Tests › Contact form submission works correctly" classname="propertyDetails.spec.ts" time="35.879">
<failure message="propertyDetails.spec.ts:84:7 Contact form submission works correctly" type="FAILURE">
<![CDATA[  [Mobile Chrome] › propertyDetails.spec.ts:84:7 › Finn.no Property Details Tests › Contact form submission works correctly 

    TimeoutError: locator.fill: Timeout 15000ms exceeded.
    Call log:
      - waiting for locator('[data-testid="search-input"], input[aria-label*="Søk i Eiendom"], input[placeholder*="by eller adresse"]').first()
        - locator resolved to <input name="q" value="" id="R187tq75" type="search" role="combobox" autocorrect="off" autocomplete="off" spellcheck="false" autocapitalize="off" aria-expanded="false" enterkeyhint="search" aria-autocomplete="list" aria-label="Søk i Eiendom" aria-controls="R187tq75-listbox" class="block text-m leading-m mb-0 px-8 py-12 rounded-4 w-full focusable focus:[--w-outline-offset:-2px] caret-current  pr-40  border-1 s-text s-bg s-border hover:s-border-hover active:s-border-selected   "/>
        - fill("Oslo")
      - attempting fill action
        2 × waiting for element to be visible, enabled and editable
          - element is not visible
        - retrying fill action
        - waiting 20ms
        2 × waiting for element to be visible, enabled and editable
          - element is not visible
        - retrying fill action
          - waiting 100ms
        29 × waiting for element to be visible, enabled and editable
           - element is not visible
         - retrying fill action
           - waiting 500ms


       at ../pages/SearchPage.ts:75

      73 |
      74 |   async searchByLocation(location: string): Promise<void> {
    > 75 |     await this.searchInput.fill(location);
         |                            ^
      76 |
      77 |     // Wait for autocomplete suggestions if they appear
      78 |     await this.page.waitForTimeout(500);
        at SearchPage.searchByLocation (/Users/maksimblagushko/QA_HR/playwright-test-example/tests/pages/SearchPage.ts:75:28)
        at /Users/maksimblagushko/QA_HR/playwright-test-example/tests/specs/propertyDetails.spec.ts:18:22

    attachment #1: screenshot (image/png) ──────────────────────────────────────────────────────────
    test-results/propertyDetails-Finn-no-Pr-58a35--submission-works-correctly-Mobile-Chrome/test-failed-1.png
    ────────────────────────────────────────────────────────────────────────────────────────────────

    attachment #2: video (video/webm) ──────────────────────────────────────────────────────────────
    test-results/propertyDetails-Finn-no-Pr-58a35--submission-works-correctly-Mobile-Chrome/video.webm
    ────────────────────────────────────────────────────────────────────────────────────────────────

    Error Context: ../../test-results/propertyDetails-Finn-no-Pr-58a35--submission-works-correctly-Mobile-Chrome/error-context.md

    attachment #4: trace (application/zip) ─────────────────────────────────────────────────────────
    test-results/propertyDetails-Finn-no-Pr-58a35--submission-works-correctly-Mobile-Chrome/trace.zip
    Usage:

        npx playwright show-trace test-results/propertyDetails-Finn-no-Pr-58a35--submission-works-correctly-Mobile-Chrome/trace.zip

    ────────────────────────────────────────────────────────────────────────────────────────────────

    Retry #1 ───────────────────────────────────────────────────────────────────────────────────────

    TimeoutError: locator.fill: Timeout 15000ms exceeded.
    Call log:
      - waiting for locator('[data-testid="search-input"], input[aria-label*="Søk i Eiendom"], input[placeholder*="by eller adresse"]').first()
        - locator resolved to <input name="q" value="" id="R187tq75" type="search" role="combobox" autocorrect="off" autocomplete="off" spellcheck="false" autocapitalize="off" aria-expanded="false" enterkeyhint="search" aria-autocomplete="list" aria-label="Søk i Eiendom" aria-controls="R187tq75-listbox" class="block text-m leading-m mb-0 px-8 py-12 rounded-4 w-full focusable focus:[--w-outline-offset:-2px] caret-current  pr-40  border-1 s-text s-bg s-border hover:s-border-hover active:s-border-selected   "/>
        - fill("Oslo")
      - attempting fill action
        2 × waiting for element to be visible, enabled and editable
          - element is not visible
        - retrying fill action
        - waiting 20ms
        2 × waiting for element to be visible, enabled and editable
          - element is not visible
        - retrying fill action
          - waiting 100ms
        29 × waiting for element to be visible, enabled and editable
           - element is not visible
         - retrying fill action
           - waiting 500ms


       at ../pages/SearchPage.ts:75

      73 |
      74 |   async searchByLocation(location: string): Promise<void> {
    > 75 |     await this.searchInput.fill(location);
         |                            ^
      76 |
      77 |     // Wait for autocomplete suggestions if they appear
      78 |     await this.page.waitForTimeout(500);
        at SearchPage.searchByLocation (/Users/maksimblagushko/QA_HR/playwright-test-example/tests/pages/SearchPage.ts:75:28)
        at /Users/maksimblagushko/QA_HR/playwright-test-example/tests/specs/propertyDetails.spec.ts:18:22

    attachment #1: screenshot (image/png) ──────────────────────────────────────────────────────────
    test-results/propertyDetails-Finn-no-Pr-58a35--submission-works-correctly-Mobile-Chrome-retry1/test-failed-1.png
    ────────────────────────────────────────────────────────────────────────────────────────────────

    attachment #2: video (video/webm) ──────────────────────────────────────────────────────────────
    test-results/propertyDetails-Finn-no-Pr-58a35--submission-works-correctly-Mobile-Chrome-retry1/video.webm
    ────────────────────────────────────────────────────────────────────────────────────────────────

    Error Context: ../../test-results/propertyDetails-Finn-no-Pr-58a35--submission-works-correctly-Mobile-Chrome-retry1/error-context.md

    attachment #4: trace (application/zip) ─────────────────────────────────────────────────────────
    test-results/propertyDetails-Finn-no-Pr-58a35--submission-works-correctly-Mobile-Chrome-retry1/trace.zip
    Usage:

        npx playwright show-trace test-results/propertyDetails-Finn-no-Pr-58a35--submission-works-correctly-Mobile-Chrome-retry1/trace.zip

    ────────────────────────────────────────────────────────────────────────────────────────────────
]]>
</failure>
<system-out>
<![CDATA[
[[ATTACHMENT|propertyDetails-Finn-no-Pr-58a35--submission-works-correctly-Mobile-Chrome/test-failed-1.png]]

[[ATTACHMENT|propertyDetails-Finn-no-Pr-58a35--submission-works-correctly-Mobile-Chrome/video.webm]]

[[ATTACHMENT|propertyDetails-Finn-no-Pr-58a35--submission-works-correctly-Mobile-Chrome/error-context.md]]

[[ATTACHMENT|propertyDetails-Finn-no-Pr-58a35--submission-works-correctly-Mobile-Chrome/trace.zip]]

[[ATTACHMENT|propertyDetails-Finn-no-Pr-58a35--submission-works-correctly-Mobile-Chrome-retry1/test-failed-1.png]]

[[ATTACHMENT|propertyDetails-Finn-no-Pr-58a35--submission-works-correctly-Mobile-Chrome-retry1/video.webm]]

[[ATTACHMENT|propertyDetails-Finn-no-Pr-58a35--submission-works-correctly-Mobile-Chrome-retry1/error-context.md]]

[[ATTACHMENT|propertyDetails-Finn-no-Pr-58a35--submission-works-correctly-Mobile-Chrome-retry1/trace.zip]]
]]>
</system-out>
</testcase>
<testcase name="Finn.no Property Details Tests › Agent information is displayed correctly" classname="propertyDetails.spec.ts" time="35.7">
<failure message="propertyDetails.spec.ts:117:7 Agent information is displayed correctly" type="FAILURE">
<![CDATA[  [Mobile Chrome] › propertyDetails.spec.ts:117:7 › Finn.no Property Details Tests › Agent information is displayed correctly 

    TimeoutError: locator.fill: Timeout 15000ms exceeded.
    Call log:
      - waiting for locator('[data-testid="search-input"], input[aria-label*="Søk i Eiendom"], input[placeholder*="by eller adresse"]').first()
        - locator resolved to <input name="q" value="" id="R187tq75" type="search" role="combobox" autocorrect="off" autocomplete="off" spellcheck="false" autocapitalize="off" aria-expanded="false" enterkeyhint="search" aria-autocomplete="list" aria-label="Søk i Eiendom" aria-controls="R187tq75-listbox" class="block text-m leading-m mb-0 px-8 py-12 rounded-4 w-full focusable focus:[--w-outline-offset:-2px] caret-current  pr-40  border-1 s-text s-bg s-border hover:s-border-hover active:s-border-selected   "/>
        - fill("Oslo")
      - attempting fill action
        2 × waiting for element to be visible, enabled and editable
          - element is not visible
        - retrying fill action
        - waiting 20ms
        2 × waiting for element to be visible, enabled and editable
          - element is not visible
        - retrying fill action
          - waiting 100ms
        29 × waiting for element to be visible, enabled and editable
           - element is not visible
         - retrying fill action
           - waiting 500ms


       at ../pages/SearchPage.ts:75

      73 |
      74 |   async searchByLocation(location: string): Promise<void> {
    > 75 |     await this.searchInput.fill(location);
         |                            ^
      76 |
      77 |     // Wait for autocomplete suggestions if they appear
      78 |     await this.page.waitForTimeout(500);
        at SearchPage.searchByLocation (/Users/maksimblagushko/QA_HR/playwright-test-example/tests/pages/SearchPage.ts:75:28)
        at /Users/maksimblagushko/QA_HR/playwright-test-example/tests/specs/propertyDetails.spec.ts:18:22

    attachment #1: screenshot (image/png) ──────────────────────────────────────────────────────────
    test-results/propertyDetails-Finn-no-Pr-df4ff-tion-is-displayed-correctly-Mobile-Chrome/test-failed-1.png
    ────────────────────────────────────────────────────────────────────────────────────────────────

    attachment #2: video (video/webm) ──────────────────────────────────────────────────────────────
    test-results/propertyDetails-Finn-no-Pr-df4ff-tion-is-displayed-correctly-Mobile-Chrome/video.webm
    ────────────────────────────────────────────────────────────────────────────────────────────────

    Error Context: ../../test-results/propertyDetails-Finn-no-Pr-df4ff-tion-is-displayed-correctly-Mobile-Chrome/error-context.md

    attachment #4: trace (application/zip) ─────────────────────────────────────────────────────────
    test-results/propertyDetails-Finn-no-Pr-df4ff-tion-is-displayed-correctly-Mobile-Chrome/trace.zip
    Usage:

        npx playwright show-trace test-results/propertyDetails-Finn-no-Pr-df4ff-tion-is-displayed-correctly-Mobile-Chrome/trace.zip

    ────────────────────────────────────────────────────────────────────────────────────────────────

    Retry #1 ───────────────────────────────────────────────────────────────────────────────────────

    TimeoutError: locator.fill: Timeout 15000ms exceeded.
    Call log:
      - waiting for locator('[data-testid="search-input"], input[aria-label*="Søk i Eiendom"], input[placeholder*="by eller adresse"]').first()
        - locator resolved to <input name="q" value="" id="R187tq75" type="search" role="combobox" autocorrect="off" autocomplete="off" spellcheck="false" autocapitalize="off" aria-expanded="false" enterkeyhint="search" aria-autocomplete="list" aria-label="Søk i Eiendom" aria-controls="R187tq75-listbox" class="block text-m leading-m mb-0 px-8 py-12 rounded-4 w-full focusable focus:[--w-outline-offset:-2px] caret-current  pr-40  border-1 s-text s-bg s-border hover:s-border-hover active:s-border-selected   "/>
        - fill("Oslo")
      - attempting fill action
        2 × waiting for element to be visible, enabled and editable
          - element is not visible
        - retrying fill action
        - waiting 20ms
        2 × waiting for element to be visible, enabled and editable
          - element is not visible
        - retrying fill action
          - waiting 100ms
        29 × waiting for element to be visible, enabled and editable
           - element is not visible
         - retrying fill action
           - waiting 500ms


       at ../pages/SearchPage.ts:75

      73 |
      74 |   async searchByLocation(location: string): Promise<void> {
    > 75 |     await this.searchInput.fill(location);
         |                            ^
      76 |
      77 |     // Wait for autocomplete suggestions if they appear
      78 |     await this.page.waitForTimeout(500);
        at SearchPage.searchByLocation (/Users/maksimblagushko/QA_HR/playwright-test-example/tests/pages/SearchPage.ts:75:28)
        at /Users/maksimblagushko/QA_HR/playwright-test-example/tests/specs/propertyDetails.spec.ts:18:22

    attachment #1: screenshot (image/png) ──────────────────────────────────────────────────────────
    test-results/propertyDetails-Finn-no-Pr-df4ff-tion-is-displayed-correctly-Mobile-Chrome-retry1/test-failed-1.png
    ────────────────────────────────────────────────────────────────────────────────────────────────

    attachment #2: video (video/webm) ──────────────────────────────────────────────────────────────
    test-results/propertyDetails-Finn-no-Pr-df4ff-tion-is-displayed-correctly-Mobile-Chrome-retry1/video.webm
    ────────────────────────────────────────────────────────────────────────────────────────────────

    Error Context: ../../test-results/propertyDetails-Finn-no-Pr-df4ff-tion-is-displayed-correctly-Mobile-Chrome-retry1/error-context.md

    attachment #4: trace (application/zip) ─────────────────────────────────────────────────────────
    test-results/propertyDetails-Finn-no-Pr-df4ff-tion-is-displayed-correctly-Mobile-Chrome-retry1/trace.zip
    Usage:

        npx playwright show-trace test-results/propertyDetails-Finn-no-Pr-df4ff-tion-is-displayed-correctly-Mobile-Chrome-retry1/trace.zip

    ────────────────────────────────────────────────────────────────────────────────────────────────
]]>
</failure>
<system-out>
<![CDATA[
[[ATTACHMENT|propertyDetails-Finn-no-Pr-df4ff-tion-is-displayed-correctly-Mobile-Chrome/test-failed-1.png]]

[[ATTACHMENT|propertyDetails-Finn-no-Pr-df4ff-tion-is-displayed-correctly-Mobile-Chrome/video.webm]]

[[ATTACHMENT|propertyDetails-Finn-no-Pr-df4ff-tion-is-displayed-correctly-Mobile-Chrome/error-context.md]]

[[ATTACHMENT|propertyDetails-Finn-no-Pr-df4ff-tion-is-displayed-correctly-Mobile-Chrome/trace.zip]]

[[ATTACHMENT|propertyDetails-Finn-no-Pr-df4ff-tion-is-displayed-correctly-Mobile-Chrome-retry1/test-failed-1.png]]

[[ATTACHMENT|propertyDetails-Finn-no-Pr-df4ff-tion-is-displayed-correctly-Mobile-Chrome-retry1/video.webm]]

[[ATTACHMENT|propertyDetails-Finn-no-Pr-df4ff-tion-is-displayed-correctly-Mobile-Chrome-retry1/error-context.md]]

[[ATTACHMENT|propertyDetails-Finn-no-Pr-df4ff-tion-is-displayed-correctly-Mobile-Chrome-retry1/trace.zip]]
]]>
</system-out>
</testcase>
<testcase name="Finn.no Property Details Tests › Viewing information is displayed when available" classname="propertyDetails.spec.ts" time="35.795">
<failure message="propertyDetails.spec.ts:134:7 Viewing information is displayed when available" type="FAILURE">
<![CDATA[  [Mobile Chrome] › propertyDetails.spec.ts:134:7 › Finn.no Property Details Tests › Viewing information is displayed when available 

    TimeoutError: locator.fill: Timeout 15000ms exceeded.
    Call log:
      - waiting for locator('[data-testid="search-input"], input[aria-label*="Søk i Eiendom"], input[placeholder*="by eller adresse"]').first()
        - locator resolved to <input name="q" value="" id="R187tq75" type="search" role="combobox" autocorrect="off" autocomplete="off" spellcheck="false" autocapitalize="off" aria-expanded="false" enterkeyhint="search" aria-autocomplete="list" aria-label="Søk i Eiendom" aria-controls="R187tq75-listbox" class="block text-m leading-m mb-0 px-8 py-12 rounded-4 w-full focusable focus:[--w-outline-offset:-2px] caret-current  pr-40  border-1 s-text s-bg s-border hover:s-border-hover active:s-border-selected   "/>
        - fill("Oslo")
      - attempting fill action
        2 × waiting for element to be visible, enabled and editable
          - element is not visible
        - retrying fill action
        - waiting 20ms
        2 × waiting for element to be visible, enabled and editable
          - element is not visible
        - retrying fill action
          - waiting 100ms
        29 × waiting for element to be visible, enabled and editable
           - element is not visible
         - retrying fill action
           - waiting 500ms


       at ../pages/SearchPage.ts:75

      73 |
      74 |   async searchByLocation(location: string): Promise<void> {
    > 75 |     await this.searchInput.fill(location);
         |                            ^
      76 |
      77 |     // Wait for autocomplete suggestions if they appear
      78 |     await this.page.waitForTimeout(500);
        at SearchPage.searchByLocation (/Users/maksimblagushko/QA_HR/playwright-test-example/tests/pages/SearchPage.ts:75:28)
        at /Users/maksimblagushko/QA_HR/playwright-test-example/tests/specs/propertyDetails.spec.ts:18:22

    attachment #1: screenshot (image/png) ──────────────────────────────────────────────────────────
    test-results/propertyDetails-Finn-no-Pr-5dc89-is-displayed-when-available-Mobile-Chrome/test-failed-1.png
    ────────────────────────────────────────────────────────────────────────────────────────────────

    attachment #2: video (video/webm) ──────────────────────────────────────────────────────────────
    test-results/propertyDetails-Finn-no-Pr-5dc89-is-displayed-when-available-Mobile-Chrome/video.webm
    ────────────────────────────────────────────────────────────────────────────────────────────────

    Error Context: ../../test-results/propertyDetails-Finn-no-Pr-5dc89-is-displayed-when-available-Mobile-Chrome/error-context.md

    attachment #4: trace (application/zip) ─────────────────────────────────────────────────────────
    test-results/propertyDetails-Finn-no-Pr-5dc89-is-displayed-when-available-Mobile-Chrome/trace.zip
    Usage:

        npx playwright show-trace test-results/propertyDetails-Finn-no-Pr-5dc89-is-displayed-when-available-Mobile-Chrome/trace.zip

    ────────────────────────────────────────────────────────────────────────────────────────────────

    Retry #1 ───────────────────────────────────────────────────────────────────────────────────────

    TimeoutError: locator.fill: Timeout 15000ms exceeded.
    Call log:
      - waiting for locator('[data-testid="search-input"], input[aria-label*="Søk i Eiendom"], input[placeholder*="by eller adresse"]').first()
        - locator resolved to <input name="q" value="" id="R187tq75" type="search" role="combobox" autocorrect="off" autocomplete="off" spellcheck="false" autocapitalize="off" aria-expanded="false" enterkeyhint="search" aria-autocomplete="list" aria-label="Søk i Eiendom" aria-controls="R187tq75-listbox" class="block text-m leading-m mb-0 px-8 py-12 rounded-4 w-full focusable focus:[--w-outline-offset:-2px] caret-current  pr-40  border-1 s-text s-bg s-border hover:s-border-hover active:s-border-selected   "/>
        - fill("Oslo")
      - attempting fill action
        2 × waiting for element to be visible, enabled and editable
          - element is not visible
        - retrying fill action
        - waiting 20ms
        2 × waiting for element to be visible, enabled and editable
          - element is not visible
        - retrying fill action
          - waiting 100ms
        29 × waiting for element to be visible, enabled and editable
           - element is not visible
         - retrying fill action
           - waiting 500ms


       at ../pages/SearchPage.ts:75

      73 |
      74 |   async searchByLocation(location: string): Promise<void> {
    > 75 |     await this.searchInput.fill(location);
         |                            ^
      76 |
      77 |     // Wait for autocomplete suggestions if they appear
      78 |     await this.page.waitForTimeout(500);
        at SearchPage.searchByLocation (/Users/maksimblagushko/QA_HR/playwright-test-example/tests/pages/SearchPage.ts:75:28)
        at /Users/maksimblagushko/QA_HR/playwright-test-example/tests/specs/propertyDetails.spec.ts:18:22

    attachment #1: screenshot (image/png) ──────────────────────────────────────────────────────────
    test-results/propertyDetails-Finn-no-Pr-5dc89-is-displayed-when-available-Mobile-Chrome-retry1/test-failed-1.png
    ────────────────────────────────────────────────────────────────────────────────────────────────

    attachment #2: video (video/webm) ──────────────────────────────────────────────────────────────
    test-results/propertyDetails-Finn-no-Pr-5dc89-is-displayed-when-available-Mobile-Chrome-retry1/video.webm
    ────────────────────────────────────────────────────────────────────────────────────────────────

    Error Context: ../../test-results/propertyDetails-Finn-no-Pr-5dc89-is-displayed-when-available-Mobile-Chrome-retry1/error-context.md

    attachment #4: trace (application/zip) ─────────────────────────────────────────────────────────
    test-results/propertyDetails-Finn-no-Pr-5dc89-is-displayed-when-available-Mobile-Chrome-retry1/trace.zip
    Usage:

        npx playwright show-trace test-results/propertyDetails-Finn-no-Pr-5dc89-is-displayed-when-available-Mobile-Chrome-retry1/trace.zip

    ────────────────────────────────────────────────────────────────────────────────────────────────
]]>
</failure>
<system-out>
<![CDATA[
[[ATTACHMENT|propertyDetails-Finn-no-Pr-5dc89-is-displayed-when-available-Mobile-Chrome/test-failed-1.png]]

[[ATTACHMENT|propertyDetails-Finn-no-Pr-5dc89-is-displayed-when-available-Mobile-Chrome/video.webm]]

[[ATTACHMENT|propertyDetails-Finn-no-Pr-5dc89-is-displayed-when-available-Mobile-Chrome/error-context.md]]

[[ATTACHMENT|propertyDetails-Finn-no-Pr-5dc89-is-displayed-when-available-Mobile-Chrome/trace.zip]]

[[ATTACHMENT|propertyDetails-Finn-no-Pr-5dc89-is-displayed-when-available-Mobile-Chrome-retry1/test-failed-1.png]]

[[ATTACHMENT|propertyDetails-Finn-no-Pr-5dc89-is-displayed-when-available-Mobile-Chrome-retry1/video.webm]]

[[ATTACHMENT|propertyDetails-Finn-no-Pr-5dc89-is-displayed-when-available-Mobile-Chrome-retry1/error-context.md]]

[[ATTACHMENT|propertyDetails-Finn-no-Pr-5dc89-is-displayed-when-available-Mobile-Chrome-retry1/trace.zip]]
]]>
</system-out>
</testcase>
<testcase name="Finn.no Property Details Tests › Favorite functionality works correctly" classname="propertyDetails.spec.ts" time="34.318">
<failure message="propertyDetails.spec.ts:148:7 Favorite functionality works correctly" type="FAILURE">
<![CDATA[  [Mobile Chrome] › propertyDetails.spec.ts:148:7 › Finn.no Property Details Tests › Favorite functionality works correctly 

    TimeoutError: locator.fill: Timeout 15000ms exceeded.
    Call log:
      - waiting for locator('[data-testid="search-input"], input[aria-label*="Søk i Eiendom"], input[placeholder*="by eller adresse"]').first()
        - locator resolved to <input name="q" value="" id="R187tq75" type="search" role="combobox" autocorrect="off" autocomplete="off" spellcheck="false" autocapitalize="off" aria-expanded="false" enterkeyhint="search" aria-autocomplete="list" aria-label="Søk i Eiendom" aria-controls="R187tq75-listbox" class="block text-m leading-m mb-0 px-8 py-12 rounded-4 w-full focusable focus:[--w-outline-offset:-2px] caret-current  pr-40  border-1 s-text s-bg s-border hover:s-border-hover active:s-border-selected   "/>
        - fill("Oslo")
      - attempting fill action
        2 × waiting for element to be visible, enabled and editable
          - element is not visible
        - retrying fill action
        - waiting 20ms
        2 × waiting for element to be visible, enabled and editable
          - element is not visible
        - retrying fill action
          - waiting 100ms
        29 × waiting for element to be visible, enabled and editable
           - element is not visible
         - retrying fill action
           - waiting 500ms


       at ../pages/SearchPage.ts:75

      73 |
      74 |   async searchByLocation(location: string): Promise<void> {
    > 75 |     await this.searchInput.fill(location);
         |                            ^
      76 |
      77 |     // Wait for autocomplete suggestions if they appear
      78 |     await this.page.waitForTimeout(500);
        at SearchPage.searchByLocation (/Users/maksimblagushko/QA_HR/playwright-test-example/tests/pages/SearchPage.ts:75:28)
        at /Users/maksimblagushko/QA_HR/playwright-test-example/tests/specs/propertyDetails.spec.ts:18:22

    attachment #1: screenshot (image/png) ──────────────────────────────────────────────────────────
    test-results/propertyDetails-Finn-no-Pr-5b74d-nctionality-works-correctly-Mobile-Chrome/test-failed-1.png
    ────────────────────────────────────────────────────────────────────────────────────────────────

    attachment #2: video (video/webm) ──────────────────────────────────────────────────────────────
    test-results/propertyDetails-Finn-no-Pr-5b74d-nctionality-works-correctly-Mobile-Chrome/video.webm
    ────────────────────────────────────────────────────────────────────────────────────────────────

    Error Context: ../../test-results/propertyDetails-Finn-no-Pr-5b74d-nctionality-works-correctly-Mobile-Chrome/error-context.md

    attachment #4: trace (application/zip) ─────────────────────────────────────────────────────────
    test-results/propertyDetails-Finn-no-Pr-5b74d-nctionality-works-correctly-Mobile-Chrome/trace.zip
    Usage:

        npx playwright show-trace test-results/propertyDetails-Finn-no-Pr-5b74d-nctionality-works-correctly-Mobile-Chrome/trace.zip

    ────────────────────────────────────────────────────────────────────────────────────────────────

    Retry #1 ───────────────────────────────────────────────────────────────────────────────────────

    TimeoutError: locator.fill: Timeout 15000ms exceeded.
    Call log:
      - waiting for locator('[data-testid="search-input"], input[aria-label*="Søk i Eiendom"], input[placeholder*="by eller adresse"]').first()
        - locator resolved to <input name="q" value="" id="R187tq75" type="search" role="combobox" autocorrect="off" autocomplete="off" spellcheck="false" autocapitalize="off" aria-expanded="false" enterkeyhint="search" aria-autocomplete="list" aria-label="Søk i Eiendom" aria-controls="R187tq75-listbox" class="block text-m leading-m mb-0 px-8 py-12 rounded-4 w-full focusable focus:[--w-outline-offset:-2px] caret-current  pr-40  border-1 s-text s-bg s-border hover:s-border-hover active:s-border-selected   "/>
        - fill("Oslo")
      - attempting fill action
        2 × waiting for element to be visible, enabled and editable
          - element is not visible
        - retrying fill action
        - waiting 20ms
        2 × waiting for element to be visible, enabled and editable
          - element is not visible
        - retrying fill action
          - waiting 100ms
        29 × waiting for element to be visible, enabled and editable
           - element is not visible
         - retrying fill action
           - waiting 500ms


       at ../pages/SearchPage.ts:75

      73 |
      74 |   async searchByLocation(location: string): Promise<void> {
    > 75 |     await this.searchInput.fill(location);
         |                            ^
      76 |
      77 |     // Wait for autocomplete suggestions if they appear
      78 |     await this.page.waitForTimeout(500);
        at SearchPage.searchByLocation (/Users/maksimblagushko/QA_HR/playwright-test-example/tests/pages/SearchPage.ts:75:28)
        at /Users/maksimblagushko/QA_HR/playwright-test-example/tests/specs/propertyDetails.spec.ts:18:22

    attachment #1: screenshot (image/png) ──────────────────────────────────────────────────────────
    test-results/propertyDetails-Finn-no-Pr-5b74d-nctionality-works-correctly-Mobile-Chrome-retry1/test-failed-1.png
    ────────────────────────────────────────────────────────────────────────────────────────────────

    attachment #2: video (video/webm) ──────────────────────────────────────────────────────────────
    test-results/propertyDetails-Finn-no-Pr-5b74d-nctionality-works-correctly-Mobile-Chrome-retry1/video.webm
    ────────────────────────────────────────────────────────────────────────────────────────────────

    Error Context: ../../test-results/propertyDetails-Finn-no-Pr-5b74d-nctionality-works-correctly-Mobile-Chrome-retry1/error-context.md

    attachment #4: trace (application/zip) ─────────────────────────────────────────────────────────
    test-results/propertyDetails-Finn-no-Pr-5b74d-nctionality-works-correctly-Mobile-Chrome-retry1/trace.zip
    Usage:

        npx playwright show-trace test-results/propertyDetails-Finn-no-Pr-5b74d-nctionality-works-correctly-Mobile-Chrome-retry1/trace.zip

    ────────────────────────────────────────────────────────────────────────────────────────────────
]]>
</failure>
<system-out>
<![CDATA[
[[ATTACHMENT|propertyDetails-Finn-no-Pr-5b74d-nctionality-works-correctly-Mobile-Chrome/test-failed-1.png]]

[[ATTACHMENT|propertyDetails-Finn-no-Pr-5b74d-nctionality-works-correctly-Mobile-Chrome/video.webm]]

[[ATTACHMENT|propertyDetails-Finn-no-Pr-5b74d-nctionality-works-correctly-Mobile-Chrome/error-context.md]]

[[ATTACHMENT|propertyDetails-Finn-no-Pr-5b74d-nctionality-works-correctly-Mobile-Chrome/trace.zip]]

[[ATTACHMENT|propertyDetails-Finn-no-Pr-5b74d-nctionality-works-correctly-Mobile-Chrome-retry1/test-failed-1.png]]

[[ATTACHMENT|propertyDetails-Finn-no-Pr-5b74d-nctionality-works-correctly-Mobile-Chrome-retry1/video.webm]]

[[ATTACHMENT|propertyDetails-Finn-no-Pr-5b74d-nctionality-works-correctly-Mobile-Chrome-retry1/error-context.md]]

[[ATTACHMENT|propertyDetails-Finn-no-Pr-5b74d-nctionality-works-correctly-Mobile-Chrome-retry1/trace.zip]]
]]>
</system-out>
</testcase>
<testcase name="Finn.no Property Details Tests › Property page is responsive on mobile devices" classname="propertyDetails.spec.ts" time="34.743">
<failure message="propertyDetails.spec.ts:172:7 Property page is responsive on mobile devices" type="FAILURE">
<![CDATA[  [Mobile Chrome] › propertyDetails.spec.ts:172:7 › Finn.no Property Details Tests › Property page is responsive on mobile devices 

    TimeoutError: locator.fill: Timeout 15000ms exceeded.
    Call log:
      - waiting for locator('[data-testid="search-input"], input[aria-label*="Søk i Eiendom"], input[placeholder*="by eller adresse"]').first()
        - locator resolved to <input name="q" value="" id="R187tq75" type="search" role="combobox" autocorrect="off" autocomplete="off" spellcheck="false" autocapitalize="off" aria-expanded="false" enterkeyhint="search" aria-autocomplete="list" aria-label="Søk i Eiendom" aria-controls="R187tq75-listbox" class="block text-m leading-m mb-0 px-8 py-12 rounded-4 w-full focusable focus:[--w-outline-offset:-2px] caret-current  pr-40  border-1 s-text s-bg s-border hover:s-border-hover active:s-border-selected   "/>
        - fill("Oslo")
      - attempting fill action
        2 × waiting for element to be visible, enabled and editable
          - element is not visible
        - retrying fill action
        - waiting 20ms
        2 × waiting for element to be visible, enabled and editable
          - element is not visible
        - retrying fill action
          - waiting 100ms
        29 × waiting for element to be visible, enabled and editable
           - element is not visible
         - retrying fill action
           - waiting 500ms


       at ../pages/SearchPage.ts:75

      73 |
      74 |   async searchByLocation(location: string): Promise<void> {
    > 75 |     await this.searchInput.fill(location);
         |                            ^
      76 |
      77 |     // Wait for autocomplete suggestions if they appear
      78 |     await this.page.waitForTimeout(500);
        at SearchPage.searchByLocation (/Users/maksimblagushko/QA_HR/playwright-test-example/tests/pages/SearchPage.ts:75:28)
        at /Users/maksimblagushko/QA_HR/playwright-test-example/tests/specs/propertyDetails.spec.ts:18:22

    attachment #1: screenshot (image/png) ──────────────────────────────────────────────────────────
    test-results/propertyDetails-Finn-no-Pr-63905-esponsive-on-mobile-devices-Mobile-Chrome/test-failed-1.png
    ────────────────────────────────────────────────────────────────────────────────────────────────

    attachment #2: video (video/webm) ──────────────────────────────────────────────────────────────
    test-results/propertyDetails-Finn-no-Pr-63905-esponsive-on-mobile-devices-Mobile-Chrome/video.webm
    ────────────────────────────────────────────────────────────────────────────────────────────────

    Error Context: ../../test-results/propertyDetails-Finn-no-Pr-63905-esponsive-on-mobile-devices-Mobile-Chrome/error-context.md

    attachment #4: trace (application/zip) ─────────────────────────────────────────────────────────
    test-results/propertyDetails-Finn-no-Pr-63905-esponsive-on-mobile-devices-Mobile-Chrome/trace.zip
    Usage:

        npx playwright show-trace test-results/propertyDetails-Finn-no-Pr-63905-esponsive-on-mobile-devices-Mobile-Chrome/trace.zip

    ────────────────────────────────────────────────────────────────────────────────────────────────

    Retry #1 ───────────────────────────────────────────────────────────────────────────────────────

    TimeoutError: locator.fill: Timeout 15000ms exceeded.
    Call log:
      - waiting for locator('[data-testid="search-input"], input[aria-label*="Søk i Eiendom"], input[placeholder*="by eller adresse"]').first()
        - locator resolved to <input name="q" value="" id="R187tq75" type="search" role="combobox" autocorrect="off" autocomplete="off" spellcheck="false" autocapitalize="off" aria-expanded="false" enterkeyhint="search" aria-autocomplete="list" aria-label="Søk i Eiendom" aria-controls="R187tq75-listbox" class="block text-m leading-m mb-0 px-8 py-12 rounded-4 w-full focusable focus:[--w-outline-offset:-2px] caret-current  pr-40  border-1 s-text s-bg s-border hover:s-border-hover active:s-border-selected   "/>
        - fill("Oslo")
      - attempting fill action
        2 × waiting for element to be visible, enabled and editable
          - element is not visible
        - retrying fill action
        - waiting 20ms
        2 × waiting for element to be visible, enabled and editable
          - element is not visible
        - retrying fill action
          - waiting 100ms
        29 × waiting for element to be visible, enabled and editable
           - element is not visible
         - retrying fill action
           - waiting 500ms


       at ../pages/SearchPage.ts:75

      73 |
      74 |   async searchByLocation(location: string): Promise<void> {
    > 75 |     await this.searchInput.fill(location);
         |                            ^
      76 |
      77 |     // Wait for autocomplete suggestions if they appear
      78 |     await this.page.waitForTimeout(500);
        at SearchPage.searchByLocation (/Users/maksimblagushko/QA_HR/playwright-test-example/tests/pages/SearchPage.ts:75:28)
        at /Users/maksimblagushko/QA_HR/playwright-test-example/tests/specs/propertyDetails.spec.ts:18:22

    attachment #1: screenshot (image/png) ──────────────────────────────────────────────────────────
    test-results/propertyDetails-Finn-no-Pr-63905-esponsive-on-mobile-devices-Mobile-Chrome-retry1/test-failed-1.png
    ────────────────────────────────────────────────────────────────────────────────────────────────

    attachment #2: video (video/webm) ──────────────────────────────────────────────────────────────
    test-results/propertyDetails-Finn-no-Pr-63905-esponsive-on-mobile-devices-Mobile-Chrome-retry1/video.webm
    ────────────────────────────────────────────────────────────────────────────────────────────────

    Error Context: ../../test-results/propertyDetails-Finn-no-Pr-63905-esponsive-on-mobile-devices-Mobile-Chrome-retry1/error-context.md

    attachment #4: trace (application/zip) ─────────────────────────────────────────────────────────
    test-results/propertyDetails-Finn-no-Pr-63905-esponsive-on-mobile-devices-Mobile-Chrome-retry1/trace.zip
    Usage:

        npx playwright show-trace test-results/propertyDetails-Finn-no-Pr-63905-esponsive-on-mobile-devices-Mobile-Chrome-retry1/trace.zip

    ────────────────────────────────────────────────────────────────────────────────────────────────
]]>
</failure>
<system-out>
<![CDATA[
[[ATTACHMENT|propertyDetails-Finn-no-Pr-63905-esponsive-on-mobile-devices-Mobile-Chrome/test-failed-1.png]]

[[ATTACHMENT|propertyDetails-Finn-no-Pr-63905-esponsive-on-mobile-devices-Mobile-Chrome/video.webm]]

[[ATTACHMENT|propertyDetails-Finn-no-Pr-63905-esponsive-on-mobile-devices-Mobile-Chrome/error-context.md]]

[[ATTACHMENT|propertyDetails-Finn-no-Pr-63905-esponsive-on-mobile-devices-Mobile-Chrome/trace.zip]]

[[ATTACHMENT|propertyDetails-Finn-no-Pr-63905-esponsive-on-mobile-devices-Mobile-Chrome-retry1/test-failed-1.png]]

[[ATTACHMENT|propertyDetails-Finn-no-Pr-63905-esponsive-on-mobile-devices-Mobile-Chrome-retry1/video.webm]]

[[ATTACHMENT|propertyDetails-Finn-no-Pr-63905-esponsive-on-mobile-devices-Mobile-Chrome-retry1/error-context.md]]

[[ATTACHMENT|propertyDetails-Finn-no-Pr-63905-esponsive-on-mobile-devices-Mobile-Chrome-retry1/trace.zip]]
]]>
</system-out>
</testcase>
</testsuite>
<testsuite name="propertySearch.spec.ts" timestamp="2025-06-13T19:48:17.388Z" hostname="Mobile Chrome" tests="8" failures="8" skipped="0" time="340.117" errors="0">
<testcase name="Finn.no Property Search Tests › User can search properties by location and price range" classname="propertySearch.spec.ts" time="100.552">
<failure message="propertySearch.spec.ts:26:7 User can search properties by location and price range" type="FAILURE">
<![CDATA[  [Mobile Chrome] › propertySearch.spec.ts:26:7 › Finn.no Property Search Tests › User can search properties by location and price range 

    TimeoutError: locator.fill: Timeout 15000ms exceeded.
    Call log:
      - waiting for locator('[data-testid="search-input"], input[aria-label*="Søk i Eiendom"], input[placeholder*="by eller adresse"]').first()
        - locator resolved to <input name="q" value="" id="R187tq75" type="search" role="combobox" autocorrect="off" autocomplete="off" spellcheck="false" autocapitalize="off" aria-expanded="false" enterkeyhint="search" aria-autocomplete="list" aria-label="Søk i Eiendom" aria-controls="R187tq75-listbox" class="block text-m leading-m mb-0 px-8 py-12 rounded-4 w-full focusable focus:[--w-outline-offset:-2px] caret-current  pr-40  border-1 s-text s-bg s-border hover:s-border-hover active:s-border-selected   "/>
        - fill("Oslo")
      - attempting fill action
        2 × waiting for element to be visible, enabled and editable
          - element is not visible
        - retrying fill action
        - waiting 20ms
        2 × waiting for element to be visible, enabled and editable
          - element is not visible
        - retrying fill action
          - waiting 100ms
        29 × waiting for element to be visible, enabled and editable
           - element is not visible
         - retrying fill action
           - waiting 500ms


       at ../pages/SearchPage.ts:75

      73 |
      74 |   async searchByLocation(location: string): Promise<void> {
    > 75 |     await this.searchInput.fill(location);
         |                            ^
      76 |
      77 |     // Wait for autocomplete suggestions if they appear
      78 |     await this.page.waitForTimeout(500);
        at SearchPage.searchByLocation (/Users/maksimblagushko/QA_HR/playwright-test-example/tests/pages/SearchPage.ts:75:28)
        at SearchPage.applyFilters (/Users/maksimblagushko/QA_HR/playwright-test-example/tests/pages/SearchPage.ts:201:18)
        at action (/Users/maksimblagushko/QA_HR/playwright-test-example/tests/specs/propertySearch.spec.ts:39:26)
        at Function.retryWithBackoff (/Users/maksimblagushko/QA_HR/playwright-test-example/tests/utils/helpers.ts:210:30)
        at /Users/maksimblagushko/QA_HR/playwright-test-example/tests/specs/propertySearch.spec.ts:37:5

    attachment #1: screenshot (image/png) ──────────────────────────────────────────────────────────
    test-results/propertySearch-Finn-no-Pro-0aa27-by-location-and-price-range-Mobile-Chrome/test-failed-1.png
    ────────────────────────────────────────────────────────────────────────────────────────────────

    attachment #2: video (video/webm) ──────────────────────────────────────────────────────────────
    test-results/propertySearch-Finn-no-Pro-0aa27-by-location-and-price-range-Mobile-Chrome/video.webm
    ────────────────────────────────────────────────────────────────────────────────────────────────

    Error Context: ../../test-results/propertySearch-Finn-no-Pro-0aa27-by-location-and-price-range-Mobile-Chrome/error-context.md

    attachment #4: trace (application/zip) ─────────────────────────────────────────────────────────
    test-results/propertySearch-Finn-no-Pro-0aa27-by-location-and-price-range-Mobile-Chrome/trace.zip
    Usage:

        npx playwright show-trace test-results/propertySearch-Finn-no-Pro-0aa27-by-location-and-price-range-Mobile-Chrome/trace.zip

    ────────────────────────────────────────────────────────────────────────────────────────────────

    Retry #1 ───────────────────────────────────────────────────────────────────────────────────────

    TimeoutError: locator.fill: Timeout 15000ms exceeded.
    Call log:
      - waiting for locator('[data-testid="search-input"], input[aria-label*="Søk i Eiendom"], input[placeholder*="by eller adresse"]').first()
        - locator resolved to <input name="q" value="" id="R187tq75" type="search" role="combobox" autocorrect="off" autocomplete="off" spellcheck="false" autocapitalize="off" aria-expanded="false" enterkeyhint="search" aria-autocomplete="list" aria-label="Søk i Eiendom" aria-controls="R187tq75-listbox" class="block text-m leading-m mb-0 px-8 py-12 rounded-4 w-full focusable focus:[--w-outline-offset:-2px] caret-current  pr-40  border-1 s-text s-bg s-border hover:s-border-hover active:s-border-selected   "/>
        - fill("Oslo")
      - attempting fill action
        2 × waiting for element to be visible, enabled and editable
          - element is not visible
        - retrying fill action
        - waiting 20ms
        2 × waiting for element to be visible, enabled and editable
          - element is not visible
        - retrying fill action
          - waiting 100ms
        29 × waiting for element to be visible, enabled and editable
           - element is not visible
         - retrying fill action
           - waiting 500ms


       at ../pages/SearchPage.ts:75

      73 |
      74 |   async searchByLocation(location: string): Promise<void> {
    > 75 |     await this.searchInput.fill(location);
         |                            ^
      76 |
      77 |     // Wait for autocomplete suggestions if they appear
      78 |     await this.page.waitForTimeout(500);
        at SearchPage.searchByLocation (/Users/maksimblagushko/QA_HR/playwright-test-example/tests/pages/SearchPage.ts:75:28)
        at SearchPage.applyFilters (/Users/maksimblagushko/QA_HR/playwright-test-example/tests/pages/SearchPage.ts:201:18)
        at action (/Users/maksimblagushko/QA_HR/playwright-test-example/tests/specs/propertySearch.spec.ts:39:26)
        at Function.retryWithBackoff (/Users/maksimblagushko/QA_HR/playwright-test-example/tests/utils/helpers.ts:210:30)
        at /Users/maksimblagushko/QA_HR/playwright-test-example/tests/specs/propertySearch.spec.ts:37:5

    attachment #1: screenshot (image/png) ──────────────────────────────────────────────────────────
    test-results/propertySearch-Finn-no-Pro-0aa27-by-location-and-price-range-Mobile-Chrome-retry1/test-failed-1.png
    ────────────────────────────────────────────────────────────────────────────────────────────────

    attachment #2: video (video/webm) ──────────────────────────────────────────────────────────────
    test-results/propertySearch-Finn-no-Pro-0aa27-by-location-and-price-range-Mobile-Chrome-retry1/video.webm
    ────────────────────────────────────────────────────────────────────────────────────────────────

    Error Context: ../../test-results/propertySearch-Finn-no-Pro-0aa27-by-location-and-price-range-Mobile-Chrome-retry1/error-context.md

    attachment #4: trace (application/zip) ─────────────────────────────────────────────────────────
    test-results/propertySearch-Finn-no-Pro-0aa27-by-location-and-price-range-Mobile-Chrome-retry1/trace.zip
    Usage:

        npx playwright show-trace test-results/propertySearch-Finn-no-Pro-0aa27-by-location-and-price-range-Mobile-Chrome-retry1/trace.zip

    ────────────────────────────────────────────────────────────────────────────────────────────────
]]>
</failure>
<system-out>
<![CDATA[
[[ATTACHMENT|propertySearch-Finn-no-Pro-0aa27-by-location-and-price-range-Mobile-Chrome/test-failed-1.png]]

[[ATTACHMENT|propertySearch-Finn-no-Pro-0aa27-by-location-and-price-range-Mobile-Chrome/video.webm]]

[[ATTACHMENT|propertySearch-Finn-no-Pro-0aa27-by-location-and-price-range-Mobile-Chrome/error-context.md]]

[[ATTACHMENT|propertySearch-Finn-no-Pro-0aa27-by-location-and-price-range-Mobile-Chrome/trace.zip]]

[[ATTACHMENT|propertySearch-Finn-no-Pro-0aa27-by-location-and-price-range-Mobile-Chrome-retry1/test-failed-1.png]]

[[ATTACHMENT|propertySearch-Finn-no-Pro-0aa27-by-location-and-price-range-Mobile-Chrome-retry1/video.webm]]

[[ATTACHMENT|propertySearch-Finn-no-Pro-0aa27-by-location-and-price-range-Mobile-Chrome-retry1/error-context.md]]

[[ATTACHMENT|propertySearch-Finn-no-Pro-0aa27-by-location-and-price-range-Mobile-Chrome-retry1/trace.zip]]
]]>
</system-out>
<system-err>
<![CDATA[Attempt 1 failed, retrying in 1000ms: locator.fill: Timeout 15000ms exceeded.
Call log:
[2m  - waiting for locator('[data-testid="search-input"], input[aria-label*="Søk i Eiendom"], input[placeholder*="by eller adresse"]').first()[22m
[2m    - locator resolved to <input name="q" value="" id="R187tq75" type="search" role="combobox" autocorrect="off" autocomplete="off" spellcheck="false" autocapitalize="off" aria-expanded="false" enterkeyhint="search" aria-autocomplete="list" aria-label="Søk i Eiendom" aria-controls="R187tq75-listbox" class="block text-m leading-m mb-0 px-8 py-12 rounded-4 w-full focusable focus:[--w-outline-offset:-2px] caret-current  pr-40  border-1 s-text s-bg s-border hover:s-border-hover active:s-border-selected   "/>[22m
[2m    - fill("Oslo")[22m
[2m  - attempting fill action[22m
[2m    2 × waiting for element to be visible, enabled and editable[22m
[2m      - element is not visible[22m
[2m    - retrying fill action[22m
[2m    - waiting 20ms[22m
[2m    2 × waiting for element to be visible, enabled and editable[22m
[2m      - element is not visible[22m
[2m    - retrying fill action[22m
[2m      - waiting 100ms[22m
[2m    29 × waiting for element to be visible, enabled and editable[22m
[2m       - element is not visible[22m
[2m     - retrying fill action[22m
[2m       - waiting 500ms[22m

Attempt 2 failed, retrying in 2000ms: locator.fill: Timeout 15000ms exceeded.
Call log:
[2m  - waiting for locator('[data-testid="search-input"], input[aria-label*="Søk i Eiendom"], input[placeholder*="by eller adresse"]').first()[22m
[2m    - locator resolved to <input name="q" value="" id="R187tq75" type="search" role="combobox" autocorrect="off" autocomplete="off" spellcheck="false" autocapitalize="off" aria-expanded="false" enterkeyhint="search" aria-autocomplete="list" aria-label="Søk i Eiendom" aria-controls="R187tq75-listbox" class="block text-m leading-m mb-0 px-8 py-12 rounded-4 w-full focusable focus:[--w-outline-offset:-2px] caret-current  pr-40  border-1 s-text s-bg s-border hover:s-border-hover active:s-border-selected   "/>[22m
[2m    - fill("Oslo")[22m
[2m  - attempting fill action[22m
[2m    2 × waiting for element to be visible, enabled and editable[22m
[2m      - element is not visible[22m
[2m    - retrying fill action[22m
[2m    - waiting 20ms[22m
[2m    2 × waiting for element to be visible, enabled and editable[22m
[2m      - element is not visible[22m
[2m    - retrying fill action[22m
[2m      - waiting 100ms[22m
[2m    29 × waiting for element to be visible, enabled and editable[22m
[2m       - element is not visible[22m
[2m     - retrying fill action[22m
[2m       - waiting 500ms[22m

All 3 attempts failed
Attempt 1 failed, retrying in 1000ms: locator.fill: Timeout 15000ms exceeded.
Call log:
[2m  - waiting for locator('[data-testid="search-input"], input[aria-label*="Søk i Eiendom"], input[placeholder*="by eller adresse"]').first()[22m
[2m    - locator resolved to <input name="q" value="" id="R187tq75" type="search" role="combobox" autocorrect="off" autocomplete="off" spellcheck="false" autocapitalize="off" aria-expanded="false" enterkeyhint="search" aria-autocomplete="list" aria-label="Søk i Eiendom" aria-controls="R187tq75-listbox" class="block text-m leading-m mb-0 px-8 py-12 rounded-4 w-full focusable focus:[--w-outline-offset:-2px] caret-current  pr-40  border-1 s-text s-bg s-border hover:s-border-hover active:s-border-selected   "/>[22m
[2m    - fill("Oslo")[22m
[2m  - attempting fill action[22m
[2m    2 × waiting for element to be visible, enabled and editable[22m
[2m      - element is not visible[22m
[2m    - retrying fill action[22m
[2m    - waiting 20ms[22m
[2m    2 × waiting for element to be visible, enabled and editable[22m
[2m      - element is not visible[22m
[2m    - retrying fill action[22m
[2m      - waiting 100ms[22m
[2m    29 × waiting for element to be visible, enabled and editable[22m
[2m       - element is not visible[22m
[2m     - retrying fill action[22m
[2m       - waiting 500ms[22m

Attempt 2 failed, retrying in 2000ms: locator.fill: Timeout 15000ms exceeded.
Call log:
[2m  - waiting for locator('[data-testid="search-input"], input[aria-label*="Søk i Eiendom"], input[placeholder*="by eller adresse"]').first()[22m
[2m    - locator resolved to <input name="q" value="" id="R187tq75" type="search" role="combobox" autocorrect="off" autocomplete="off" spellcheck="false" autocapitalize="off" aria-expanded="false" enterkeyhint="search" aria-autocomplete="list" aria-label="Søk i Eiendom" aria-controls="R187tq75-listbox" class="block text-m leading-m mb-0 px-8 py-12 rounded-4 w-full focusable focus:[--w-outline-offset:-2px] caret-current  pr-40  border-1 s-text s-bg s-border hover:s-border-hover active:s-border-selected   "/>[22m
[2m    - fill("Oslo")[22m
[2m  - attempting fill action[22m
[2m    2 × waiting for element to be visible, enabled and editable[22m
[2m      - element is not visible[22m
[2m    - retrying fill action[22m
[2m    - waiting 20ms[22m
[2m    2 × waiting for element to be visible, enabled and editable[22m
[2m      - element is not visible[22m
[2m    - retrying fill action[22m
[2m      - waiting 100ms[22m
[2m    29 × waiting for element to be visible, enabled and editable[22m
[2m       - element is not visible[22m
[2m     - retrying fill action[22m
[2m       - waiting 500ms[22m

All 3 attempts failed
]]>
</system-err>
</testcase>
<testcase name="Finn.no Property Search Tests › Search results display accurate property information" classname="propertySearch.spec.ts" time="34.697">
<failure message="propertySearch.spec.ts:58:7 Search results display accurate property information" type="FAILURE">
<![CDATA[  [Mobile Chrome] › propertySearch.spec.ts:58:7 › Finn.no Property Search Tests › Search results display accurate property information 

    TimeoutError: locator.fill: Timeout 15000ms exceeded.
    Call log:
      - waiting for locator('[data-testid="search-input"], input[aria-label*="Søk i Eiendom"], input[placeholder*="by eller adresse"]').first()
        - locator resolved to <input name="q" value="" id="R187tq75" type="search" role="combobox" autocorrect="off" autocomplete="off" spellcheck="false" autocapitalize="off" aria-expanded="false" enterkeyhint="search" aria-autocomplete="list" aria-label="Søk i Eiendom" aria-controls="R187tq75-listbox" class="block text-m leading-m mb-0 px-8 py-12 rounded-4 w-full focusable focus:[--w-outline-offset:-2px] caret-current  pr-40  border-1 s-text s-bg s-border hover:s-border-hover active:s-border-selected   "/>
        - fill("Bergen")
      - attempting fill action
        2 × waiting for element to be visible, enabled and editable
          - element is not visible
        - retrying fill action
        - waiting 20ms
        2 × waiting for element to be visible, enabled and editable
          - element is not visible
        - retrying fill action
          - waiting 100ms
        29 × waiting for element to be visible, enabled and editable
           - element is not visible
         - retrying fill action
           - waiting 500ms


       at ../pages/SearchPage.ts:75

      73 |
      74 |   async searchByLocation(location: string): Promise<void> {
    > 75 |     await this.searchInput.fill(location);
         |                            ^
      76 |
      77 |     // Wait for autocomplete suggestions if they appear
      78 |     await this.page.waitForTimeout(500);
        at SearchPage.searchByLocation (/Users/maksimblagushko/QA_HR/playwright-test-example/tests/pages/SearchPage.ts:75:28)
        at /Users/maksimblagushko/QA_HR/playwright-test-example/tests/specs/propertySearch.spec.ts:62:22

    attachment #1: screenshot (image/png) ──────────────────────────────────────────────────────────
    test-results/propertySearch-Finn-no-Pro-17a20-curate-property-information-Mobile-Chrome/test-failed-1.png
    ────────────────────────────────────────────────────────────────────────────────────────────────

    attachment #2: video (video/webm) ──────────────────────────────────────────────────────────────
    test-results/propertySearch-Finn-no-Pro-17a20-curate-property-information-Mobile-Chrome/video.webm
    ────────────────────────────────────────────────────────────────────────────────────────────────

    Error Context: ../../test-results/propertySearch-Finn-no-Pro-17a20-curate-property-information-Mobile-Chrome/error-context.md

    attachment #4: trace (application/zip) ─────────────────────────────────────────────────────────
    test-results/propertySearch-Finn-no-Pro-17a20-curate-property-information-Mobile-Chrome/trace.zip
    Usage:

        npx playwright show-trace test-results/propertySearch-Finn-no-Pro-17a20-curate-property-information-Mobile-Chrome/trace.zip

    ────────────────────────────────────────────────────────────────────────────────────────────────

    Retry #1 ───────────────────────────────────────────────────────────────────────────────────────

    TimeoutError: locator.fill: Timeout 15000ms exceeded.
    Call log:
      - waiting for locator('[data-testid="search-input"], input[aria-label*="Søk i Eiendom"], input[placeholder*="by eller adresse"]').first()
        - locator resolved to <input name="q" value="" id="R187tq75" type="search" role="combobox" autocorrect="off" autocomplete="off" spellcheck="false" autocapitalize="off" aria-expanded="false" enterkeyhint="search" aria-autocomplete="list" aria-label="Søk i Eiendom" aria-controls="R187tq75-listbox" class="block text-m leading-m mb-0 px-8 py-12 rounded-4 w-full focusable focus:[--w-outline-offset:-2px] caret-current  pr-40  border-1 s-text s-bg s-border hover:s-border-hover active:s-border-selected   "/>
        - fill("Bergen")
      - attempting fill action
        2 × waiting for element to be visible, enabled and editable
          - element is not visible
        - retrying fill action
        - waiting 20ms
        2 × waiting for element to be visible, enabled and editable
          - element is not visible
        - retrying fill action
          - waiting 100ms
        29 × waiting for element to be visible, enabled and editable
           - element is not visible
         - retrying fill action
           - waiting 500ms


       at ../pages/SearchPage.ts:75

      73 |
      74 |   async searchByLocation(location: string): Promise<void> {
    > 75 |     await this.searchInput.fill(location);
         |                            ^
      76 |
      77 |     // Wait for autocomplete suggestions if they appear
      78 |     await this.page.waitForTimeout(500);
        at SearchPage.searchByLocation (/Users/maksimblagushko/QA_HR/playwright-test-example/tests/pages/SearchPage.ts:75:28)
        at /Users/maksimblagushko/QA_HR/playwright-test-example/tests/specs/propertySearch.spec.ts:62:22

    attachment #1: screenshot (image/png) ──────────────────────────────────────────────────────────
    test-results/propertySearch-Finn-no-Pro-17a20-curate-property-information-Mobile-Chrome-retry1/test-failed-1.png
    ────────────────────────────────────────────────────────────────────────────────────────────────

    attachment #2: video (video/webm) ──────────────────────────────────────────────────────────────
    test-results/propertySearch-Finn-no-Pro-17a20-curate-property-information-Mobile-Chrome-retry1/video.webm
    ────────────────────────────────────────────────────────────────────────────────────────────────

    Error Context: ../../test-results/propertySearch-Finn-no-Pro-17a20-curate-property-information-Mobile-Chrome-retry1/error-context.md

    attachment #4: trace (application/zip) ─────────────────────────────────────────────────────────
    test-results/propertySearch-Finn-no-Pro-17a20-curate-property-information-Mobile-Chrome-retry1/trace.zip
    Usage:

        npx playwright show-trace test-results/propertySearch-Finn-no-Pro-17a20-curate-property-information-Mobile-Chrome-retry1/trace.zip

    ────────────────────────────────────────────────────────────────────────────────────────────────
]]>
</failure>
<system-out>
<![CDATA[
[[ATTACHMENT|propertySearch-Finn-no-Pro-17a20-curate-property-information-Mobile-Chrome/test-failed-1.png]]

[[ATTACHMENT|propertySearch-Finn-no-Pro-17a20-curate-property-information-Mobile-Chrome/video.webm]]

[[ATTACHMENT|propertySearch-Finn-no-Pro-17a20-curate-property-information-Mobile-Chrome/error-context.md]]

[[ATTACHMENT|propertySearch-Finn-no-Pro-17a20-curate-property-information-Mobile-Chrome/trace.zip]]

[[ATTACHMENT|propertySearch-Finn-no-Pro-17a20-curate-property-information-Mobile-Chrome-retry1/test-failed-1.png]]

[[ATTACHMENT|propertySearch-Finn-no-Pro-17a20-curate-property-information-Mobile-Chrome-retry1/video.webm]]

[[ATTACHMENT|propertySearch-Finn-no-Pro-17a20-curate-property-information-Mobile-Chrome-retry1/error-context.md]]

[[ATTACHMENT|propertySearch-Finn-no-Pro-17a20-curate-property-information-Mobile-Chrome-retry1/trace.zip]]
]]>
</system-out>
</testcase>
<testcase name="Finn.no Property Search Tests › Invalid search parameters are handled gracefully" classname="propertySearch.spec.ts" time="34.545">
<failure message="propertySearch.spec.ts:112:7 Invalid search parameters are handled gracefully" type="FAILURE">
<![CDATA[  [Mobile Chrome] › propertySearch.spec.ts:112:7 › Finn.no Property Search Tests › Invalid search parameters are handled gracefully 

    TimeoutError: locator.clear: Timeout 15000ms exceeded.
    Call log:
      - waiting for locator('[data-testid="price-from"], input[name="price_from"], input[aria-label*="Prisantydning, minimum"]').first()


       at ../pages/SearchPage.ts:98

       96 |   async setPriceRange(from?: string, to?: string): Promise<void> {
       97 |     if (from) {
    >  98 |       await this.priceFromInput.clear();
          |                                 ^
       99 |       await this.priceFromInput.fill(from);
      100 |       await this.page.waitForTimeout(300); // Allow for field validation
      101 |     }
        at SearchPage.setPriceRange (/Users/maksimblagushko/QA_HR/playwright-test-example/tests/pages/SearchPage.ts:98:33)
        at /Users/maksimblagushko/QA_HR/playwright-test-example/tests/specs/propertySearch.spec.ts:117:22

    attachment #1: screenshot (image/png) ──────────────────────────────────────────────────────────
    test-results/propertySearch-Finn-no-Pro-e593a-ters-are-handled-gracefully-Mobile-Chrome/test-failed-1.png
    ────────────────────────────────────────────────────────────────────────────────────────────────

    attachment #2: video (video/webm) ──────────────────────────────────────────────────────────────
    test-results/propertySearch-Finn-no-Pro-e593a-ters-are-handled-gracefully-Mobile-Chrome/video.webm
    ────────────────────────────────────────────────────────────────────────────────────────────────

    Error Context: ../../test-results/propertySearch-Finn-no-Pro-e593a-ters-are-handled-gracefully-Mobile-Chrome/error-context.md

    attachment #4: trace (application/zip) ─────────────────────────────────────────────────────────
    test-results/propertySearch-Finn-no-Pro-e593a-ters-are-handled-gracefully-Mobile-Chrome/trace.zip
    Usage:

        npx playwright show-trace test-results/propertySearch-Finn-no-Pro-e593a-ters-are-handled-gracefully-Mobile-Chrome/trace.zip

    ────────────────────────────────────────────────────────────────────────────────────────────────

    Retry #1 ───────────────────────────────────────────────────────────────────────────────────────

    TimeoutError: locator.clear: Timeout 15000ms exceeded.
    Call log:
      - waiting for locator('[data-testid="price-from"], input[name="price_from"], input[aria-label*="Prisantydning, minimum"]').first()


       at ../pages/SearchPage.ts:98

       96 |   async setPriceRange(from?: string, to?: string): Promise<void> {
       97 |     if (from) {
    >  98 |       await this.priceFromInput.clear();
          |                                 ^
       99 |       await this.priceFromInput.fill(from);
      100 |       await this.page.waitForTimeout(300); // Allow for field validation
      101 |     }
        at SearchPage.setPriceRange (/Users/maksimblagushko/QA_HR/playwright-test-example/tests/pages/SearchPage.ts:98:33)
        at /Users/maksimblagushko/QA_HR/playwright-test-example/tests/specs/propertySearch.spec.ts:117:22

    attachment #1: screenshot (image/png) ──────────────────────────────────────────────────────────
    test-results/propertySearch-Finn-no-Pro-e593a-ters-are-handled-gracefully-Mobile-Chrome-retry1/test-failed-1.png
    ────────────────────────────────────────────────────────────────────────────────────────────────

    attachment #2: video (video/webm) ──────────────────────────────────────────────────────────────
    test-results/propertySearch-Finn-no-Pro-e593a-ters-are-handled-gracefully-Mobile-Chrome-retry1/video.webm
    ────────────────────────────────────────────────────────────────────────────────────────────────

    Error Context: ../../test-results/propertySearch-Finn-no-Pro-e593a-ters-are-handled-gracefully-Mobile-Chrome-retry1/error-context.md

    attachment #4: trace (application/zip) ─────────────────────────────────────────────────────────
    test-results/propertySearch-Finn-no-Pro-e593a-ters-are-handled-gracefully-Mobile-Chrome-retry1/trace.zip
    Usage:

        npx playwright show-trace test-results/propertySearch-Finn-no-Pro-e593a-ters-are-handled-gracefully-Mobile-Chrome-retry1/trace.zip

    ────────────────────────────────────────────────────────────────────────────────────────────────
]]>
</failure>
<system-out>
<![CDATA[
[[ATTACHMENT|propertySearch-Finn-no-Pro-e593a-ters-are-handled-gracefully-Mobile-Chrome/test-failed-1.png]]

[[ATTACHMENT|propertySearch-Finn-no-Pro-e593a-ters-are-handled-gracefully-Mobile-Chrome/video.webm]]

[[ATTACHMENT|propertySearch-Finn-no-Pro-e593a-ters-are-handled-gracefully-Mobile-Chrome/error-context.md]]

[[ATTACHMENT|propertySearch-Finn-no-Pro-e593a-ters-are-handled-gracefully-Mobile-Chrome/trace.zip]]

[[ATTACHMENT|propertySearch-Finn-no-Pro-e593a-ters-are-handled-gracefully-Mobile-Chrome-retry1/test-failed-1.png]]

[[ATTACHMENT|propertySearch-Finn-no-Pro-e593a-ters-are-handled-gracefully-Mobile-Chrome-retry1/video.webm]]

[[ATTACHMENT|propertySearch-Finn-no-Pro-e593a-ters-are-handled-gracefully-Mobile-Chrome-retry1/error-context.md]]

[[ATTACHMENT|propertySearch-Finn-no-Pro-e593a-ters-are-handled-gracefully-Mobile-Chrome-retry1/trace.zip]]
]]>
</system-out>
</testcase>
<testcase name="Finn.no Property Search Tests › Multiple filter combinations work correctly" classname="propertySearch.spec.ts" time="33.701">
<failure message="propertySearch.spec.ts:152:7 Multiple filter combinations work correctly" type="FAILURE">
<![CDATA[  [Mobile Chrome] › propertySearch.spec.ts:152:7 › Finn.no Property Search Tests › Multiple filter combinations work correctly 

    TimeoutError: locator.fill: Timeout 15000ms exceeded.
    Call log:
      - waiting for locator('[data-testid="search-input"], input[aria-label*="Søk i Eiendom"], input[placeholder*="by eller adresse"]').first()
        - locator resolved to <input name="q" value="" id="R187tq75" type="search" role="combobox" autocorrect="off" autocomplete="off" spellcheck="false" autocapitalize="off" aria-expanded="false" enterkeyhint="search" aria-autocomplete="list" aria-label="Søk i Eiendom" aria-controls="R187tq75-listbox" class="block text-m leading-m mb-0 px-8 py-12 rounded-4 w-full focusable focus:[--w-outline-offset:-2px] caret-current  pr-40  border-1 s-text s-bg s-border hover:s-border-hover active:s-border-selected   "/>
        - fill("Trondheim")
      - attempting fill action
        2 × waiting for element to be visible, enabled and editable
          - element is not visible
        - retrying fill action
        - waiting 20ms
        2 × waiting for element to be visible, enabled and editable
          - element is not visible
        - retrying fill action
          - waiting 100ms
        29 × waiting for element to be visible, enabled and editable
           - element is not visible
         - retrying fill action
           - waiting 500ms


       at ../pages/SearchPage.ts:75

      73 |
      74 |   async searchByLocation(location: string): Promise<void> {
    > 75 |     await this.searchInput.fill(location);
         |                            ^
      76 |
      77 |     // Wait for autocomplete suggestions if they appear
      78 |     await this.page.waitForTimeout(500);
        at SearchPage.searchByLocation (/Users/maksimblagushko/QA_HR/playwright-test-example/tests/pages/SearchPage.ts:75:28)
        at SearchPage.applyFilters (/Users/maksimblagushko/QA_HR/playwright-test-example/tests/pages/SearchPage.ts:201:18)
        at /Users/maksimblagushko/QA_HR/playwright-test-example/tests/specs/propertySearch.spec.ts:165:22

    attachment #1: screenshot (image/png) ──────────────────────────────────────────────────────────
    test-results/propertySearch-Finn-no-Pro-7c46e-combinations-work-correctly-Mobile-Chrome/test-failed-1.png
    ────────────────────────────────────────────────────────────────────────────────────────────────

    attachment #2: video (video/webm) ──────────────────────────────────────────────────────────────
    test-results/propertySearch-Finn-no-Pro-7c46e-combinations-work-correctly-Mobile-Chrome/video.webm
    ────────────────────────────────────────────────────────────────────────────────────────────────

    Error Context: ../../test-results/propertySearch-Finn-no-Pro-7c46e-combinations-work-correctly-Mobile-Chrome/error-context.md

    attachment #4: trace (application/zip) ─────────────────────────────────────────────────────────
    test-results/propertySearch-Finn-no-Pro-7c46e-combinations-work-correctly-Mobile-Chrome/trace.zip
    Usage:

        npx playwright show-trace test-results/propertySearch-Finn-no-Pro-7c46e-combinations-work-correctly-Mobile-Chrome/trace.zip

    ────────────────────────────────────────────────────────────────────────────────────────────────

    Retry #1 ───────────────────────────────────────────────────────────────────────────────────────

    TimeoutError: locator.fill: Timeout 15000ms exceeded.
    Call log:
      - waiting for locator('[data-testid="search-input"], input[aria-label*="Søk i Eiendom"], input[placeholder*="by eller adresse"]').first()
        - locator resolved to <input name="q" value="" id="R187tq75" type="search" role="combobox" autocorrect="off" autocomplete="off" spellcheck="false" autocapitalize="off" aria-expanded="false" enterkeyhint="search" aria-autocomplete="list" aria-label="Søk i Eiendom" aria-controls="R187tq75-listbox" class="block text-m leading-m mb-0 px-8 py-12 rounded-4 w-full focusable focus:[--w-outline-offset:-2px] caret-current  pr-40  border-1 s-text s-bg s-border hover:s-border-hover active:s-border-selected   "/>
        - fill("Trondheim")
      - attempting fill action
        2 × waiting for element to be visible, enabled and editable
          - element is not visible
        - retrying fill action
        - waiting 20ms
        2 × waiting for element to be visible, enabled and editable
          - element is not visible
        - retrying fill action
          - waiting 100ms
        29 × waiting for element to be visible, enabled and editable
           - element is not visible
         - retrying fill action
           - waiting 500ms


       at ../pages/SearchPage.ts:75

      73 |
      74 |   async searchByLocation(location: string): Promise<void> {
    > 75 |     await this.searchInput.fill(location);
         |                            ^
      76 |
      77 |     // Wait for autocomplete suggestions if they appear
      78 |     await this.page.waitForTimeout(500);
        at SearchPage.searchByLocation (/Users/maksimblagushko/QA_HR/playwright-test-example/tests/pages/SearchPage.ts:75:28)
        at SearchPage.applyFilters (/Users/maksimblagushko/QA_HR/playwright-test-example/tests/pages/SearchPage.ts:201:18)
        at /Users/maksimblagushko/QA_HR/playwright-test-example/tests/specs/propertySearch.spec.ts:165:22

    attachment #1: screenshot (image/png) ──────────────────────────────────────────────────────────
    test-results/propertySearch-Finn-no-Pro-7c46e-combinations-work-correctly-Mobile-Chrome-retry1/test-failed-1.png
    ────────────────────────────────────────────────────────────────────────────────────────────────

    attachment #2: video (video/webm) ──────────────────────────────────────────────────────────────
    test-results/propertySearch-Finn-no-Pro-7c46e-combinations-work-correctly-Mobile-Chrome-retry1/video.webm
    ────────────────────────────────────────────────────────────────────────────────────────────────

    Error Context: ../../test-results/propertySearch-Finn-no-Pro-7c46e-combinations-work-correctly-Mobile-Chrome-retry1/error-context.md

    attachment #4: trace (application/zip) ─────────────────────────────────────────────────────────
    test-results/propertySearch-Finn-no-Pro-7c46e-combinations-work-correctly-Mobile-Chrome-retry1/trace.zip
    Usage:

        npx playwright show-trace test-results/propertySearch-Finn-no-Pro-7c46e-combinations-work-correctly-Mobile-Chrome-retry1/trace.zip

    ────────────────────────────────────────────────────────────────────────────────────────────────
]]>
</failure>
<system-out>
<![CDATA[
[[ATTACHMENT|propertySearch-Finn-no-Pro-7c46e-combinations-work-correctly-Mobile-Chrome/test-failed-1.png]]

[[ATTACHMENT|propertySearch-Finn-no-Pro-7c46e-combinations-work-correctly-Mobile-Chrome/video.webm]]

[[ATTACHMENT|propertySearch-Finn-no-Pro-7c46e-combinations-work-correctly-Mobile-Chrome/error-context.md]]

[[ATTACHMENT|propertySearch-Finn-no-Pro-7c46e-combinations-work-correctly-Mobile-Chrome/trace.zip]]

[[ATTACHMENT|propertySearch-Finn-no-Pro-7c46e-combinations-work-correctly-Mobile-Chrome-retry1/test-failed-1.png]]

[[ATTACHMENT|propertySearch-Finn-no-Pro-7c46e-combinations-work-correctly-Mobile-Chrome-retry1/video.webm]]

[[ATTACHMENT|propertySearch-Finn-no-Pro-7c46e-combinations-work-correctly-Mobile-Chrome-retry1/error-context.md]]

[[ATTACHMENT|propertySearch-Finn-no-Pro-7c46e-combinations-work-correctly-Mobile-Chrome-retry1/trace.zip]]
]]>
</system-out>
</testcase>
<testcase name="Finn.no Property Search Tests › Sorting functionality works correctly" classname="propertySearch.spec.ts" time="34.487">
<failure message="propertySearch.spec.ts:225:7 Sorting functionality works correctly" type="FAILURE">
<![CDATA[  [Mobile Chrome] › propertySearch.spec.ts:225:7 › Finn.no Property Search Tests › Sorting functionality works correctly 

    TimeoutError: locator.fill: Timeout 15000ms exceeded.
    Call log:
      - waiting for locator('[data-testid="search-input"], input[aria-label*="Søk i Eiendom"], input[placeholder*="by eller adresse"]').first()
        - locator resolved to <input name="q" value="" id="R187tq75" type="search" role="combobox" autocorrect="off" autocomplete="off" spellcheck="false" autocapitalize="off" aria-expanded="false" enterkeyhint="search" aria-autocomplete="list" aria-label="Søk i Eiendom" aria-controls="R187tq75-listbox" class="block text-m leading-m mb-0 px-8 py-12 rounded-4 w-full focusable focus:[--w-outline-offset:-2px] caret-current  pr-40  border-1 s-text s-bg s-border hover:s-border-hover active:s-border-selected   "/>
        - fill("Oslo")
      - attempting fill action
        2 × waiting for element to be visible, enabled and editable
          - element is not visible
        - retrying fill action
        - waiting 20ms
        2 × waiting for element to be visible, enabled and editable
          - element is not visible
        - retrying fill action
          - waiting 100ms
        29 × waiting for element to be visible, enabled and editable
           - element is not visible
         - retrying fill action
           - waiting 500ms


       at ../pages/SearchPage.ts:75

      73 |
      74 |   async searchByLocation(location: string): Promise<void> {
    > 75 |     await this.searchInput.fill(location);
         |                            ^
      76 |
      77 |     // Wait for autocomplete suggestions if they appear
      78 |     await this.page.waitForTimeout(500);
        at SearchPage.searchByLocation (/Users/maksimblagushko/QA_HR/playwright-test-example/tests/pages/SearchPage.ts:75:28)
        at /Users/maksimblagushko/QA_HR/playwright-test-example/tests/specs/propertySearch.spec.ts:228:22

    attachment #1: screenshot (image/png) ──────────────────────────────────────────────────────────
    test-results/propertySearch-Finn-no-Pro-dbb63-nctionality-works-correctly-Mobile-Chrome/test-failed-1.png
    ────────────────────────────────────────────────────────────────────────────────────────────────

    attachment #2: video (video/webm) ──────────────────────────────────────────────────────────────
    test-results/propertySearch-Finn-no-Pro-dbb63-nctionality-works-correctly-Mobile-Chrome/video.webm
    ────────────────────────────────────────────────────────────────────────────────────────────────

    Error Context: ../../test-results/propertySearch-Finn-no-Pro-dbb63-nctionality-works-correctly-Mobile-Chrome/error-context.md

    attachment #4: trace (application/zip) ─────────────────────────────────────────────────────────
    test-results/propertySearch-Finn-no-Pro-dbb63-nctionality-works-correctly-Mobile-Chrome/trace.zip
    Usage:

        npx playwright show-trace test-results/propertySearch-Finn-no-Pro-dbb63-nctionality-works-correctly-Mobile-Chrome/trace.zip

    ────────────────────────────────────────────────────────────────────────────────────────────────

    Retry #1 ───────────────────────────────────────────────────────────────────────────────────────

    TimeoutError: locator.fill: Timeout 15000ms exceeded.
    Call log:
      - waiting for locator('[data-testid="search-input"], input[aria-label*="Søk i Eiendom"], input[placeholder*="by eller adresse"]').first()
        - locator resolved to <input name="q" value="" id="R187tq75" type="search" role="combobox" autocorrect="off" autocomplete="off" spellcheck="false" autocapitalize="off" aria-expanded="false" enterkeyhint="search" aria-autocomplete="list" aria-label="Søk i Eiendom" aria-controls="R187tq75-listbox" class="block text-m leading-m mb-0 px-8 py-12 rounded-4 w-full focusable focus:[--w-outline-offset:-2px] caret-current  pr-40  border-1 s-text s-bg s-border hover:s-border-hover active:s-border-selected   "/>
        - fill("Oslo")
      - attempting fill action
        2 × waiting for element to be visible, enabled and editable
          - element is not visible
        - retrying fill action
        - waiting 20ms
        2 × waiting for element to be visible, enabled and editable
          - element is not visible
        - retrying fill action
          - waiting 100ms
        29 × waiting for element to be visible, enabled and editable
           - element is not visible
         - retrying fill action
           - waiting 500ms


       at ../pages/SearchPage.ts:75

      73 |
      74 |   async searchByLocation(location: string): Promise<void> {
    > 75 |     await this.searchInput.fill(location);
         |                            ^
      76 |
      77 |     // Wait for autocomplete suggestions if they appear
      78 |     await this.page.waitForTimeout(500);
        at SearchPage.searchByLocation (/Users/maksimblagushko/QA_HR/playwright-test-example/tests/pages/SearchPage.ts:75:28)
        at /Users/maksimblagushko/QA_HR/playwright-test-example/tests/specs/propertySearch.spec.ts:228:22

    attachment #1: screenshot (image/png) ──────────────────────────────────────────────────────────
    test-results/propertySearch-Finn-no-Pro-dbb63-nctionality-works-correctly-Mobile-Chrome-retry1/test-failed-1.png
    ────────────────────────────────────────────────────────────────────────────────────────────────

    attachment #2: video (video/webm) ──────────────────────────────────────────────────────────────
    test-results/propertySearch-Finn-no-Pro-dbb63-nctionality-works-correctly-Mobile-Chrome-retry1/video.webm
    ────────────────────────────────────────────────────────────────────────────────────────────────

    Error Context: ../../test-results/propertySearch-Finn-no-Pro-dbb63-nctionality-works-correctly-Mobile-Chrome-retry1/error-context.md

    attachment #4: trace (application/zip) ─────────────────────────────────────────────────────────
    test-results/propertySearch-Finn-no-Pro-dbb63-nctionality-works-correctly-Mobile-Chrome-retry1/trace.zip
    Usage:

        npx playwright show-trace test-results/propertySearch-Finn-no-Pro-dbb63-nctionality-works-correctly-Mobile-Chrome-retry1/trace.zip

    ────────────────────────────────────────────────────────────────────────────────────────────────
]]>
</failure>
<system-out>
<![CDATA[
[[ATTACHMENT|propertySearch-Finn-no-Pro-dbb63-nctionality-works-correctly-Mobile-Chrome/test-failed-1.png]]

[[ATTACHMENT|propertySearch-Finn-no-Pro-dbb63-nctionality-works-correctly-Mobile-Chrome/video.webm]]

[[ATTACHMENT|propertySearch-Finn-no-Pro-dbb63-nctionality-works-correctly-Mobile-Chrome/error-context.md]]

[[ATTACHMENT|propertySearch-Finn-no-Pro-dbb63-nctionality-works-correctly-Mobile-Chrome/trace.zip]]

[[ATTACHMENT|propertySearch-Finn-no-Pro-dbb63-nctionality-works-correctly-Mobile-Chrome-retry1/test-failed-1.png]]

[[ATTACHMENT|propertySearch-Finn-no-Pro-dbb63-nctionality-works-correctly-Mobile-Chrome-retry1/video.webm]]

[[ATTACHMENT|propertySearch-Finn-no-Pro-dbb63-nctionality-works-correctly-Mobile-Chrome-retry1/error-context.md]]

[[ATTACHMENT|propertySearch-Finn-no-Pro-dbb63-nctionality-works-correctly-Mobile-Chrome-retry1/trace.zip]]
]]>
</system-out>
</testcase>
<testcase name="Finn.no Property Search Tests › Map view toggle works correctly" classname="propertySearch.spec.ts" time="34.419">
<failure message="propertySearch.spec.ts:295:7 Map view toggle works correctly" type="FAILURE">
<![CDATA[  [Mobile Chrome] › propertySearch.spec.ts:295:7 › Finn.no Property Search Tests › Map view toggle works correctly 

    TimeoutError: locator.fill: Timeout 15000ms exceeded.
    Call log:
      - waiting for locator('[data-testid="search-input"], input[aria-label*="Søk i Eiendom"], input[placeholder*="by eller adresse"]').first()
        - locator resolved to <input name="q" value="" id="R187tq75" type="search" role="combobox" autocorrect="off" autocomplete="off" spellcheck="false" autocapitalize="off" aria-expanded="false" enterkeyhint="search" aria-autocomplete="list" aria-label="Søk i Eiendom" aria-controls="R187tq75-listbox" class="block text-m leading-m mb-0 px-8 py-12 rounded-4 w-full focusable focus:[--w-outline-offset:-2px] caret-current  pr-40  border-1 s-text s-bg s-border hover:s-border-hover active:s-border-selected   "/>
        - fill("Stavanger")
      - attempting fill action
        2 × waiting for element to be visible, enabled and editable
          - element is not visible
        - retrying fill action
        - waiting 20ms
        2 × waiting for element to be visible, enabled and editable
          - element is not visible
        - retrying fill action
          - waiting 100ms
        29 × waiting for element to be visible, enabled and editable
           - element is not visible
         - retrying fill action
           - waiting 500ms


       at ../pages/SearchPage.ts:75

      73 |
      74 |   async searchByLocation(location: string): Promise<void> {
    > 75 |     await this.searchInput.fill(location);
         |                            ^
      76 |
      77 |     // Wait for autocomplete suggestions if they appear
      78 |     await this.page.waitForTimeout(500);
        at SearchPage.searchByLocation (/Users/maksimblagushko/QA_HR/playwright-test-example/tests/pages/SearchPage.ts:75:28)
        at /Users/maksimblagushko/QA_HR/playwright-test-example/tests/specs/propertySearch.spec.ts:298:22

    attachment #1: screenshot (image/png) ──────────────────────────────────────────────────────────
    test-results/propertySearch-Finn-no-Pro-1b6f4-view-toggle-works-correctly-Mobile-Chrome/test-failed-1.png
    ────────────────────────────────────────────────────────────────────────────────────────────────

    attachment #2: video (video/webm) ──────────────────────────────────────────────────────────────
    test-results/propertySearch-Finn-no-Pro-1b6f4-view-toggle-works-correctly-Mobile-Chrome/video.webm
    ────────────────────────────────────────────────────────────────────────────────────────────────

    Error Context: ../../test-results/propertySearch-Finn-no-Pro-1b6f4-view-toggle-works-correctly-Mobile-Chrome/error-context.md

    attachment #4: trace (application/zip) ─────────────────────────────────────────────────────────
    test-results/propertySearch-Finn-no-Pro-1b6f4-view-toggle-works-correctly-Mobile-Chrome/trace.zip
    Usage:

        npx playwright show-trace test-results/propertySearch-Finn-no-Pro-1b6f4-view-toggle-works-correctly-Mobile-Chrome/trace.zip

    ────────────────────────────────────────────────────────────────────────────────────────────────

    Retry #1 ───────────────────────────────────────────────────────────────────────────────────────

    TimeoutError: locator.fill: Timeout 15000ms exceeded.
    Call log:
      - waiting for locator('[data-testid="search-input"], input[aria-label*="Søk i Eiendom"], input[placeholder*="by eller adresse"]').first()
        - locator resolved to <input name="q" value="" id="R187tq75" type="search" role="combobox" autocorrect="off" autocomplete="off" spellcheck="false" autocapitalize="off" aria-expanded="false" enterkeyhint="search" aria-autocomplete="list" aria-label="Søk i Eiendom" aria-controls="R187tq75-listbox" class="block text-m leading-m mb-0 px-8 py-12 rounded-4 w-full focusable focus:[--w-outline-offset:-2px] caret-current  pr-40  border-1 s-text s-bg s-border hover:s-border-hover active:s-border-selected   "/>
        - fill("Stavanger")
      - attempting fill action
        2 × waiting for element to be visible, enabled and editable
          - element is not visible
        - retrying fill action
        - waiting 20ms
        2 × waiting for element to be visible, enabled and editable
          - element is not visible
        - retrying fill action
          - waiting 100ms
        29 × waiting for element to be visible, enabled and editable
           - element is not visible
         - retrying fill action
           - waiting 500ms


       at ../pages/SearchPage.ts:75

      73 |
      74 |   async searchByLocation(location: string): Promise<void> {
    > 75 |     await this.searchInput.fill(location);
         |                            ^
      76 |
      77 |     // Wait for autocomplete suggestions if they appear
      78 |     await this.page.waitForTimeout(500);
        at SearchPage.searchByLocation (/Users/maksimblagushko/QA_HR/playwright-test-example/tests/pages/SearchPage.ts:75:28)
        at /Users/maksimblagushko/QA_HR/playwright-test-example/tests/specs/propertySearch.spec.ts:298:22

    attachment #1: screenshot (image/png) ──────────────────────────────────────────────────────────
    test-results/propertySearch-Finn-no-Pro-1b6f4-view-toggle-works-correctly-Mobile-Chrome-retry1/test-failed-1.png
    ────────────────────────────────────────────────────────────────────────────────────────────────

    attachment #2: video (video/webm) ──────────────────────────────────────────────────────────────
    test-results/propertySearch-Finn-no-Pro-1b6f4-view-toggle-works-correctly-Mobile-Chrome-retry1/video.webm
    ────────────────────────────────────────────────────────────────────────────────────────────────

    Error Context: ../../test-results/propertySearch-Finn-no-Pro-1b6f4-view-toggle-works-correctly-Mobile-Chrome-retry1/error-context.md

    attachment #4: trace (application/zip) ─────────────────────────────────────────────────────────
    test-results/propertySearch-Finn-no-Pro-1b6f4-view-toggle-works-correctly-Mobile-Chrome-retry1/trace.zip
    Usage:

        npx playwright show-trace test-results/propertySearch-Finn-no-Pro-1b6f4-view-toggle-works-correctly-Mobile-Chrome-retry1/trace.zip

    ────────────────────────────────────────────────────────────────────────────────────────────────
]]>
</failure>
<system-out>
<![CDATA[
[[ATTACHMENT|propertySearch-Finn-no-Pro-1b6f4-view-toggle-works-correctly-Mobile-Chrome/test-failed-1.png]]

[[ATTACHMENT|propertySearch-Finn-no-Pro-1b6f4-view-toggle-works-correctly-Mobile-Chrome/video.webm]]

[[ATTACHMENT|propertySearch-Finn-no-Pro-1b6f4-view-toggle-works-correctly-Mobile-Chrome/error-context.md]]

[[ATTACHMENT|propertySearch-Finn-no-Pro-1b6f4-view-toggle-works-correctly-Mobile-Chrome/trace.zip]]

[[ATTACHMENT|propertySearch-Finn-no-Pro-1b6f4-view-toggle-works-correctly-Mobile-Chrome-retry1/test-failed-1.png]]

[[ATTACHMENT|propertySearch-Finn-no-Pro-1b6f4-view-toggle-works-correctly-Mobile-Chrome-retry1/video.webm]]

[[ATTACHMENT|propertySearch-Finn-no-Pro-1b6f4-view-toggle-works-correctly-Mobile-Chrome-retry1/error-context.md]]

[[ATTACHMENT|propertySearch-Finn-no-Pro-1b6f4-view-toggle-works-correctly-Mobile-Chrome-retry1/trace.zip]]
]]>
</system-out>
</testcase>
<testcase name="Finn.no Property Search Tests › Search with random valid combinations" classname="propertySearch.spec.ts" time="34.363">
<failure message="propertySearch.spec.ts:345:7 Search with random valid combinations" type="FAILURE">
<![CDATA[  [Mobile Chrome] › propertySearch.spec.ts:345:7 › Finn.no Property Search Tests › Search with random valid combinations 

    TimeoutError: locator.fill: Timeout 15000ms exceeded.
    Call log:
      - waiting for locator('[data-testid="search-input"], input[aria-label*="Søk i Eiendom"], input[placeholder*="by eller adresse"]').first()
        - locator resolved to <input name="q" value="" id="R187tq75" type="search" role="combobox" autocorrect="off" autocomplete="off" spellcheck="false" autocapitalize="off" aria-expanded="false" enterkeyhint="search" aria-autocomplete="list" aria-label="Søk i Eiendom" aria-controls="R187tq75-listbox" class="block text-m leading-m mb-0 px-8 py-12 rounded-4 w-full focusable focus:[--w-outline-offset:-2px] caret-current  pr-40  border-1 s-text s-bg s-border hover:s-border-hover active:s-border-selected   "/>
        - fill("Tromsø")
      - attempting fill action
        2 × waiting for element to be visible, enabled and editable
          - element is not visible
        - retrying fill action
        - waiting 20ms
        2 × waiting for element to be visible, enabled and editable
          - element is not visible
        - retrying fill action
          - waiting 100ms
        29 × waiting for element to be visible, enabled and editable
           - element is not visible
         - retrying fill action
           - waiting 500ms


       at ../pages/SearchPage.ts:75

      73 |
      74 |   async searchByLocation(location: string): Promise<void> {
    > 75 |     await this.searchInput.fill(location);
         |                            ^
      76 |
      77 |     // Wait for autocomplete suggestions if they appear
      78 |     await this.page.waitForTimeout(500);
        at SearchPage.searchByLocation (/Users/maksimblagushko/QA_HR/playwright-test-example/tests/pages/SearchPage.ts:75:28)
        at SearchPage.applyFilters (/Users/maksimblagushko/QA_HR/playwright-test-example/tests/pages/SearchPage.ts:201:18)
        at /Users/maksimblagushko/QA_HR/playwright-test-example/tests/specs/propertySearch.spec.ts:363:22

    attachment #1: screenshot (image/png) ──────────────────────────────────────────────────────────
    test-results/propertySearch-Finn-no-Pro-b9c16-h-random-valid-combinations-Mobile-Chrome/test-failed-1.png
    ────────────────────────────────────────────────────────────────────────────────────────────────

    attachment #2: video (video/webm) ──────────────────────────────────────────────────────────────
    test-results/propertySearch-Finn-no-Pro-b9c16-h-random-valid-combinations-Mobile-Chrome/video.webm
    ────────────────────────────────────────────────────────────────────────────────────────────────

    Error Context: ../../test-results/propertySearch-Finn-no-Pro-b9c16-h-random-valid-combinations-Mobile-Chrome/error-context.md

    attachment #4: trace (application/zip) ─────────────────────────────────────────────────────────
    test-results/propertySearch-Finn-no-Pro-b9c16-h-random-valid-combinations-Mobile-Chrome/trace.zip
    Usage:

        npx playwright show-trace test-results/propertySearch-Finn-no-Pro-b9c16-h-random-valid-combinations-Mobile-Chrome/trace.zip

    ────────────────────────────────────────────────────────────────────────────────────────────────

    Retry #1 ───────────────────────────────────────────────────────────────────────────────────────

    TimeoutError: locator.fill: Timeout 15000ms exceeded.
    Call log:
      - waiting for locator('[data-testid="search-input"], input[aria-label*="Søk i Eiendom"], input[placeholder*="by eller adresse"]').first()
        - locator resolved to <input name="q" value="" id="R187tq75" type="search" role="combobox" autocorrect="off" autocomplete="off" spellcheck="false" autocapitalize="off" aria-expanded="false" enterkeyhint="search" aria-autocomplete="list" aria-label="Søk i Eiendom" aria-controls="R187tq75-listbox" class="block text-m leading-m mb-0 px-8 py-12 rounded-4 w-full focusable focus:[--w-outline-offset:-2px] caret-current  pr-40  border-1 s-text s-bg s-border hover:s-border-hover active:s-border-selected   "/>
        - fill("Drammen")
      - attempting fill action
        2 × waiting for element to be visible, enabled and editable
          - element is not visible
        - retrying fill action
        - waiting 20ms
        2 × waiting for element to be visible, enabled and editable
          - element is not visible
        - retrying fill action
          - waiting 100ms
        29 × waiting for element to be visible, enabled and editable
           - element is not visible
         - retrying fill action
           - waiting 500ms


       at ../pages/SearchPage.ts:75

      73 |
      74 |   async searchByLocation(location: string): Promise<void> {
    > 75 |     await this.searchInput.fill(location);
         |                            ^
      76 |
      77 |     // Wait for autocomplete suggestions if they appear
      78 |     await this.page.waitForTimeout(500);
        at SearchPage.searchByLocation (/Users/maksimblagushko/QA_HR/playwright-test-example/tests/pages/SearchPage.ts:75:28)
        at SearchPage.applyFilters (/Users/maksimblagushko/QA_HR/playwright-test-example/tests/pages/SearchPage.ts:201:18)
        at /Users/maksimblagushko/QA_HR/playwright-test-example/tests/specs/propertySearch.spec.ts:363:22

    attachment #1: screenshot (image/png) ──────────────────────────────────────────────────────────
    test-results/propertySearch-Finn-no-Pro-b9c16-h-random-valid-combinations-Mobile-Chrome-retry1/test-failed-1.png
    ────────────────────────────────────────────────────────────────────────────────────────────────

    attachment #2: video (video/webm) ──────────────────────────────────────────────────────────────
    test-results/propertySearch-Finn-no-Pro-b9c16-h-random-valid-combinations-Mobile-Chrome-retry1/video.webm
    ────────────────────────────────────────────────────────────────────────────────────────────────

    Error Context: ../../test-results/propertySearch-Finn-no-Pro-b9c16-h-random-valid-combinations-Mobile-Chrome-retry1/error-context.md

    attachment #4: trace (application/zip) ─────────────────────────────────────────────────────────
    test-results/propertySearch-Finn-no-Pro-b9c16-h-random-valid-combinations-Mobile-Chrome-retry1/trace.zip
    Usage:

        npx playwright show-trace test-results/propertySearch-Finn-no-Pro-b9c16-h-random-valid-combinations-Mobile-Chrome-retry1/trace.zip

    ────────────────────────────────────────────────────────────────────────────────────────────────
]]>
</failure>
<system-out>
<![CDATA[Testing random combination: Tromsø, price: 2000000-4000000, size: 60-100

[[ATTACHMENT|propertySearch-Finn-no-Pro-b9c16-h-random-valid-combinations-Mobile-Chrome/test-failed-1.png]]

[[ATTACHMENT|propertySearch-Finn-no-Pro-b9c16-h-random-valid-combinations-Mobile-Chrome/video.webm]]

[[ATTACHMENT|propertySearch-Finn-no-Pro-b9c16-h-random-valid-combinations-Mobile-Chrome/error-context.md]]

[[ATTACHMENT|propertySearch-Finn-no-Pro-b9c16-h-random-valid-combinations-Mobile-Chrome/trace.zip]]
Testing random combination: Drammen, price: 2000000-4000000, size: 60-100

[[ATTACHMENT|propertySearch-Finn-no-Pro-b9c16-h-random-valid-combinations-Mobile-Chrome-retry1/test-failed-1.png]]

[[ATTACHMENT|propertySearch-Finn-no-Pro-b9c16-h-random-valid-combinations-Mobile-Chrome-retry1/video.webm]]

[[ATTACHMENT|propertySearch-Finn-no-Pro-b9c16-h-random-valid-combinations-Mobile-Chrome-retry1/error-context.md]]

[[ATTACHMENT|propertySearch-Finn-no-Pro-b9c16-h-random-valid-combinations-Mobile-Chrome-retry1/trace.zip]]
]]>
</system-out>
</testcase>
<testcase name="Finn.no Property Search Tests › Page performance and accessibility" classname="propertySearch.spec.ts" time="33.353">
<failure message="propertySearch.spec.ts:377:7 Page performance and accessibility" type="FAILURE">
<![CDATA[  [Mobile Chrome] › propertySearch.spec.ts:377:7 › Finn.no Property Search Tests › Page performance and accessibility 

    TimeoutError: locator.fill: Timeout 15000ms exceeded.
    Call log:
      - waiting for locator('[data-testid="search-input"], input[aria-label*="Søk i Eiendom"], input[placeholder*="by eller adresse"]').first()
        - locator resolved to <input name="q" value="" id="R187tq75" type="search" role="combobox" autocorrect="off" autocomplete="off" spellcheck="false" autocapitalize="off" aria-expanded="false" enterkeyhint="search" aria-autocomplete="list" aria-label="Søk i Eiendom" aria-controls="R187tq75-listbox" class="block text-m leading-m mb-0 px-8 py-12 rounded-4 w-full focusable focus:[--w-outline-offset:-2px] caret-current  pr-40  border-1 s-text s-bg s-border hover:s-border-hover active:s-border-selected   "/>
        - fill("Oslo")
      - attempting fill action
        2 × waiting for element to be visible, enabled and editable
          - element is not visible
        - retrying fill action
        - waiting 20ms
        2 × waiting for element to be visible, enabled and editable
          - element is not visible
        - retrying fill action
          - waiting 100ms
        29 × waiting for element to be visible, enabled and editable
           - element is not visible
         - retrying fill action
           - waiting 500ms


       at ../pages/SearchPage.ts:75

      73 |
      74 |   async searchByLocation(location: string): Promise<void> {
    > 75 |     await this.searchInput.fill(location);
         |                            ^
      76 |
      77 |     // Wait for autocomplete suggestions if they appear
      78 |     await this.page.waitForTimeout(500);
        at SearchPage.searchByLocation (/Users/maksimblagushko/QA_HR/playwright-test-example/tests/pages/SearchPage.ts:75:28)
        at /Users/maksimblagushko/QA_HR/playwright-test-example/tests/specs/propertySearch.spec.ts:382:22

    attachment #1: screenshot (image/png) ──────────────────────────────────────────────────────────
    test-results/propertySearch-Finn-no-Pro-9cec8-rformance-and-accessibility-Mobile-Chrome/test-failed-1.png
    ────────────────────────────────────────────────────────────────────────────────────────────────

    attachment #2: video (video/webm) ──────────────────────────────────────────────────────────────
    test-results/propertySearch-Finn-no-Pro-9cec8-rformance-and-accessibility-Mobile-Chrome/video.webm
    ────────────────────────────────────────────────────────────────────────────────────────────────

    Error Context: ../../test-results/propertySearch-Finn-no-Pro-9cec8-rformance-and-accessibility-Mobile-Chrome/error-context.md

    attachment #4: trace (application/zip) ─────────────────────────────────────────────────────────
    test-results/propertySearch-Finn-no-Pro-9cec8-rformance-and-accessibility-Mobile-Chrome/trace.zip
    Usage:

        npx playwright show-trace test-results/propertySearch-Finn-no-Pro-9cec8-rformance-and-accessibility-Mobile-Chrome/trace.zip

    ────────────────────────────────────────────────────────────────────────────────────────────────

    Retry #1 ───────────────────────────────────────────────────────────────────────────────────────

    TimeoutError: locator.fill: Timeout 15000ms exceeded.
    Call log:
      - waiting for locator('[data-testid="search-input"], input[aria-label*="Søk i Eiendom"], input[placeholder*="by eller adresse"]').first()
        - locator resolved to <input name="q" value="" id="R187tq75" type="search" role="combobox" autocorrect="off" autocomplete="off" spellcheck="false" autocapitalize="off" aria-expanded="false" enterkeyhint="search" aria-autocomplete="list" aria-label="Søk i Eiendom" aria-controls="R187tq75-listbox" class="block text-m leading-m mb-0 px-8 py-12 rounded-4 w-full focusable focus:[--w-outline-offset:-2px] caret-current  pr-40  border-1 s-text s-bg s-border hover:s-border-hover active:s-border-selected   "/>
        - fill("Oslo")
      - attempting fill action
        2 × waiting for element to be visible, enabled and editable
          - element is not visible
        - retrying fill action
        - waiting 20ms
        2 × waiting for element to be visible, enabled and editable
          - element is not visible
        - retrying fill action
          - waiting 100ms
        29 × waiting for element to be visible, enabled and editable
           - element is not visible
         - retrying fill action
           - waiting 500ms


       at ../pages/SearchPage.ts:75

      73 |
      74 |   async searchByLocation(location: string): Promise<void> {
    > 75 |     await this.searchInput.fill(location);
         |                            ^
      76 |
      77 |     // Wait for autocomplete suggestions if they appear
      78 |     await this.page.waitForTimeout(500);
        at SearchPage.searchByLocation (/Users/maksimblagushko/QA_HR/playwright-test-example/tests/pages/SearchPage.ts:75:28)
        at /Users/maksimblagushko/QA_HR/playwright-test-example/tests/specs/propertySearch.spec.ts:382:22

    attachment #1: screenshot (image/png) ──────────────────────────────────────────────────────────
    test-results/propertySearch-Finn-no-Pro-9cec8-rformance-and-accessibility-Mobile-Chrome-retry1/test-failed-1.png
    ────────────────────────────────────────────────────────────────────────────────────────────────

    attachment #2: video (video/webm) ──────────────────────────────────────────────────────────────
    test-results/propertySearch-Finn-no-Pro-9cec8-rformance-and-accessibility-Mobile-Chrome-retry1/video.webm
    ────────────────────────────────────────────────────────────────────────────────────────────────

    Error Context: ../../test-results/propertySearch-Finn-no-Pro-9cec8-rformance-and-accessibility-Mobile-Chrome-retry1/error-context.md

    attachment #4: trace (application/zip) ─────────────────────────────────────────────────────────
    test-results/propertySearch-Finn-no-Pro-9cec8-rformance-and-accessibility-Mobile-Chrome-retry1/trace.zip
    Usage:

        npx playwright show-trace test-results/propertySearch-Finn-no-Pro-9cec8-rformance-and-accessibility-Mobile-Chrome-retry1/trace.zip

    ────────────────────────────────────────────────────────────────────────────────────────────────
]]>
</failure>
<system-out>
<![CDATA[
[[ATTACHMENT|propertySearch-Finn-no-Pro-9cec8-rformance-and-accessibility-Mobile-Chrome/test-failed-1.png]]

[[ATTACHMENT|propertySearch-Finn-no-Pro-9cec8-rformance-and-accessibility-Mobile-Chrome/video.webm]]

[[ATTACHMENT|propertySearch-Finn-no-Pro-9cec8-rformance-and-accessibility-Mobile-Chrome/error-context.md]]

[[ATTACHMENT|propertySearch-Finn-no-Pro-9cec8-rformance-and-accessibility-Mobile-Chrome/trace.zip]]

[[ATTACHMENT|propertySearch-Finn-no-Pro-9cec8-rformance-and-accessibility-Mobile-Chrome-retry1/test-failed-1.png]]

[[ATTACHMENT|propertySearch-Finn-no-Pro-9cec8-rformance-and-accessibility-Mobile-Chrome-retry1/video.webm]]

[[ATTACHMENT|propertySearch-Finn-no-Pro-9cec8-rformance-and-accessibility-Mobile-Chrome-retry1/error-context.md]]

[[ATTACHMENT|propertySearch-Finn-no-Pro-9cec8-rformance-and-accessibility-Mobile-Chrome-retry1/trace.zip]]
]]>
</system-out>
</testcase>
</testsuite>
<testsuite name="simpleSearch.spec.ts" timestamp="2025-06-13T19:48:17.388Z" hostname="Mobile Chrome" tests="2" failures="2" skipped="0" time="56.641" errors="0">
<testcase name="Basic Search Tests › User can perform basic search for Oslo properties" classname="simpleSearch.spec.ts" time="33.287">
<failure message="simpleSearch.spec.ts:13:7 User can perform basic search for Oslo properties" type="FAILURE">
<![CDATA[  [Mobile Chrome] › simpleSearch.spec.ts:13:7 › Basic Search Tests › User can perform basic search for Oslo properties 

    TimeoutError: locator.fill: Timeout 15000ms exceeded.
    Call log:
      - waiting for locator('[data-testid="search-input"], input[aria-label*="Søk i Eiendom"], input[placeholder*="by eller adresse"]').first()
        - locator resolved to <input name="q" value="" id="R187tq75" type="search" role="combobox" autocorrect="off" autocomplete="off" spellcheck="false" autocapitalize="off" aria-expanded="false" enterkeyhint="search" aria-autocomplete="list" aria-label="Søk i Eiendom" aria-controls="R187tq75-listbox" class="block text-m leading-m mb-0 px-8 py-12 rounded-4 w-full focusable focus:[--w-outline-offset:-2px] caret-current  pr-40  border-1 s-text s-bg s-border hover:s-border-hover active:s-border-selected   "/>
        - fill("Oslo")
      - attempting fill action
        2 × waiting for element to be visible, enabled and editable
          - element is not visible
        - retrying fill action
        - waiting 20ms
        2 × waiting for element to be visible, enabled and editable
          - element is not visible
        - retrying fill action
          - waiting 100ms
        29 × waiting for element to be visible, enabled and editable
           - element is not visible
         - retrying fill action
           - waiting 500ms


       at ../pages/SearchPage.ts:75

      73 |
      74 |   async searchByLocation(location: string): Promise<void> {
    > 75 |     await this.searchInput.fill(location);
         |                            ^
      76 |
      77 |     // Wait for autocomplete suggestions if they appear
      78 |     await this.page.waitForTimeout(500);
        at SearchPage.searchByLocation (/Users/maksimblagushko/QA_HR/playwright-test-example/tests/pages/SearchPage.ts:75:28)
        at /Users/maksimblagushko/QA_HR/playwright-test-example/tests/specs/simpleSearch.spec.ts:15:22

    attachment #1: screenshot (image/png) ──────────────────────────────────────────────────────────
    test-results/simpleSearch-Basic-Search--41df9--search-for-Oslo-properties-Mobile-Chrome/test-failed-1.png
    ────────────────────────────────────────────────────────────────────────────────────────────────

    attachment #2: video (video/webm) ──────────────────────────────────────────────────────────────
    test-results/simpleSearch-Basic-Search--41df9--search-for-Oslo-properties-Mobile-Chrome/video.webm
    ────────────────────────────────────────────────────────────────────────────────────────────────

    Error Context: ../../test-results/simpleSearch-Basic-Search--41df9--search-for-Oslo-properties-Mobile-Chrome/error-context.md

    attachment #4: trace (application/zip) ─────────────────────────────────────────────────────────
    test-results/simpleSearch-Basic-Search--41df9--search-for-Oslo-properties-Mobile-Chrome/trace.zip
    Usage:

        npx playwright show-trace test-results/simpleSearch-Basic-Search--41df9--search-for-Oslo-properties-Mobile-Chrome/trace.zip

    ────────────────────────────────────────────────────────────────────────────────────────────────

    Retry #1 ───────────────────────────────────────────────────────────────────────────────────────

    TimeoutError: locator.fill: Timeout 15000ms exceeded.
    Call log:
      - waiting for locator('[data-testid="search-input"], input[aria-label*="Søk i Eiendom"], input[placeholder*="by eller adresse"]').first()
        - locator resolved to <input name="q" value="" id="R187tq75" type="search" role="combobox" autocorrect="off" autocomplete="off" spellcheck="false" autocapitalize="off" aria-expanded="false" enterkeyhint="search" aria-autocomplete="list" aria-label="Søk i Eiendom" aria-controls="R187tq75-listbox" class="block text-m leading-m mb-0 px-8 py-12 rounded-4 w-full focusable focus:[--w-outline-offset:-2px] caret-current  pr-40  border-1 s-text s-bg s-border hover:s-border-hover active:s-border-selected   "/>
        - fill("Oslo")
      - attempting fill action
        2 × waiting for element to be visible, enabled and editable
          - element is not visible
        - retrying fill action
        - waiting 20ms
        2 × waiting for element to be visible, enabled and editable
          - element is not visible
        - retrying fill action
          - waiting 100ms
        29 × waiting for element to be visible, enabled and editable
           - element is not visible
         - retrying fill action
           - waiting 500ms


       at ../pages/SearchPage.ts:75

      73 |
      74 |   async searchByLocation(location: string): Promise<void> {
    > 75 |     await this.searchInput.fill(location);
         |                            ^
      76 |
      77 |     // Wait for autocomplete suggestions if they appear
      78 |     await this.page.waitForTimeout(500);
        at SearchPage.searchByLocation (/Users/maksimblagushko/QA_HR/playwright-test-example/tests/pages/SearchPage.ts:75:28)
        at /Users/maksimblagushko/QA_HR/playwright-test-example/tests/specs/simpleSearch.spec.ts:15:22

    attachment #1: screenshot (image/png) ──────────────────────────────────────────────────────────
    test-results/simpleSearch-Basic-Search--41df9--search-for-Oslo-properties-Mobile-Chrome-retry1/test-failed-1.png
    ────────────────────────────────────────────────────────────────────────────────────────────────

    attachment #2: video (video/webm) ──────────────────────────────────────────────────────────────
    test-results/simpleSearch-Basic-Search--41df9--search-for-Oslo-properties-Mobile-Chrome-retry1/video.webm
    ────────────────────────────────────────────────────────────────────────────────────────────────

    Error Context: ../../test-results/simpleSearch-Basic-Search--41df9--search-for-Oslo-properties-Mobile-Chrome-retry1/error-context.md

    attachment #4: trace (application/zip) ─────────────────────────────────────────────────────────
    test-results/simpleSearch-Basic-Search--41df9--search-for-Oslo-properties-Mobile-Chrome-retry1/trace.zip
    Usage:

        npx playwright show-trace test-results/simpleSearch-Basic-Search--41df9--search-for-Oslo-properties-Mobile-Chrome-retry1/trace.zip

    ────────────────────────────────────────────────────────────────────────────────────────────────
]]>
</failure>
<system-out>
<![CDATA[
[[ATTACHMENT|simpleSearch-Basic-Search--41df9--search-for-Oslo-properties-Mobile-Chrome/test-failed-1.png]]

[[ATTACHMENT|simpleSearch-Basic-Search--41df9--search-for-Oslo-properties-Mobile-Chrome/video.webm]]

[[ATTACHMENT|simpleSearch-Basic-Search--41df9--search-for-Oslo-properties-Mobile-Chrome/error-context.md]]

[[ATTACHMENT|simpleSearch-Basic-Search--41df9--search-for-Oslo-properties-Mobile-Chrome/trace.zip]]

[[ATTACHMENT|simpleSearch-Basic-Search--41df9--search-for-Oslo-properties-Mobile-Chrome-retry1/test-failed-1.png]]

[[ATTACHMENT|simpleSearch-Basic-Search--41df9--search-for-Oslo-properties-Mobile-Chrome-retry1/video.webm]]

[[ATTACHMENT|simpleSearch-Basic-Search--41df9--search-for-Oslo-properties-Mobile-Chrome-retry1/error-context.md]]

[[ATTACHMENT|simpleSearch-Basic-Search--41df9--search-for-Oslo-properties-Mobile-Chrome-retry1/trace.zip]]
]]>
</system-out>
</testcase>
<testcase name="Basic Search Tests › Search page loads properly and has basic elements" classname="simpleSearch.spec.ts" time="23.354">
<failure message="simpleSearch.spec.ts:24:7 Search page loads properly and has basic elements" type="FAILURE">
<![CDATA[  [Mobile Chrome] › simpleSearch.spec.ts:24:7 › Basic Search Tests › Search page loads properly and has basic elements 

    Error: Timed out 10000ms waiting for expect(locator).toBeVisible()

    Locator: locator('input[type="search"], input[aria-label*="Søk"]').first()
    Expected: visible
    Received: hidden
    Call log:
      - Expect "toBeVisible" with timeout 10000ms
      - waiting for locator('input[type="search"], input[aria-label*="Søk"]').first()
        14 × locator resolved to <input name="q" value="" id="R187tq75" type="search" role="combobox" autocorrect="off" autocomplete="off" spellcheck="false" autocapitalize="off" aria-expanded="false" enterkeyhint="search" aria-autocomplete="list" aria-label="Søk i Eiendom" aria-controls="R187tq75-listbox" class="block text-m leading-m mb-0 px-8 py-12 rounded-4 w-full focusable focus:[--w-outline-offset:-2px] caret-current  pr-40  border-1 s-text s-bg s-border hover:s-border-hover active:s-border-selected   "/>
           - unexpected value "hidden"


      25 |     // Check that basic search elements are present
      26 |     const searchInput = page.locator('input[type="search"], input[aria-label*="Søk"]').first();
    > 27 |     await expect(searchInput).toBeVisible();
         |                               ^
      28 |     
      29 |     const title = await page.title();
      30 |     expect(title).toContain('FINN');
        at /Users/maksimblagushko/QA_HR/playwright-test-example/tests/specs/simpleSearch.spec.ts:27:31

    attachment #1: screenshot (image/png) ──────────────────────────────────────────────────────────
    test-results/simpleSearch-Basic-Search--356b2-erly-and-has-basic-elements-Mobile-Chrome/test-failed-1.png
    ────────────────────────────────────────────────────────────────────────────────────────────────

    attachment #2: video (video/webm) ──────────────────────────────────────────────────────────────
    test-results/simpleSearch-Basic-Search--356b2-erly-and-has-basic-elements-Mobile-Chrome/video.webm
    ────────────────────────────────────────────────────────────────────────────────────────────────

    Error Context: ../../test-results/simpleSearch-Basic-Search--356b2-erly-and-has-basic-elements-Mobile-Chrome/error-context.md

    attachment #4: trace (application/zip) ─────────────────────────────────────────────────────────
    test-results/simpleSearch-Basic-Search--356b2-erly-and-has-basic-elements-Mobile-Chrome/trace.zip
    Usage:

        npx playwright show-trace test-results/simpleSearch-Basic-Search--356b2-erly-and-has-basic-elements-Mobile-Chrome/trace.zip

    ────────────────────────────────────────────────────────────────────────────────────────────────

    Retry #1 ───────────────────────────────────────────────────────────────────────────────────────

    Error: Timed out 10000ms waiting for expect(locator).toBeVisible()

    Locator: locator('input[type="search"], input[aria-label*="Søk"]').first()
    Expected: visible
    Received: hidden
    Call log:
      - Expect "toBeVisible" with timeout 10000ms
      - waiting for locator('input[type="search"], input[aria-label*="Søk"]').first()
        14 × locator resolved to <input name="q" value="" id="R187tq75" type="search" role="combobox" autocorrect="off" autocomplete="off" spellcheck="false" autocapitalize="off" aria-expanded="false" enterkeyhint="search" aria-autocomplete="list" aria-label="Søk i Eiendom" aria-controls="R187tq75-listbox" class="block text-m leading-m mb-0 px-8 py-12 rounded-4 w-full focusable focus:[--w-outline-offset:-2px] caret-current  pr-40  border-1 s-text s-bg s-border hover:s-border-hover active:s-border-selected   "/>
           - unexpected value "hidden"


      25 |     // Check that basic search elements are present
      26 |     const searchInput = page.locator('input[type="search"], input[aria-label*="Søk"]').first();
    > 27 |     await expect(searchInput).toBeVisible();
         |                               ^
      28 |     
      29 |     const title = await page.title();
      30 |     expect(title).toContain('FINN');
        at /Users/maksimblagushko/QA_HR/playwright-test-example/tests/specs/simpleSearch.spec.ts:27:31

    attachment #1: screenshot (image/png) ──────────────────────────────────────────────────────────
    test-results/simpleSearch-Basic-Search--356b2-erly-and-has-basic-elements-Mobile-Chrome-retry1/test-failed-1.png
    ────────────────────────────────────────────────────────────────────────────────────────────────

    attachment #2: video (video/webm) ──────────────────────────────────────────────────────────────
    test-results/simpleSearch-Basic-Search--356b2-erly-and-has-basic-elements-Mobile-Chrome-retry1/video.webm
    ────────────────────────────────────────────────────────────────────────────────────────────────

    Error Context: ../../test-results/simpleSearch-Basic-Search--356b2-erly-and-has-basic-elements-Mobile-Chrome-retry1/error-context.md

    attachment #4: trace (application/zip) ─────────────────────────────────────────────────────────
    test-results/simpleSearch-Basic-Search--356b2-erly-and-has-basic-elements-Mobile-Chrome-retry1/trace.zip
    Usage:

        npx playwright show-trace test-results/simpleSearch-Basic-Search--356b2-erly-and-has-basic-elements-Mobile-Chrome-retry1/trace.zip

    ────────────────────────────────────────────────────────────────────────────────────────────────
]]>
</failure>
<system-out>
<![CDATA[
[[ATTACHMENT|simpleSearch-Basic-Search--356b2-erly-and-has-basic-elements-Mobile-Chrome/test-failed-1.png]]

[[ATTACHMENT|simpleSearch-Basic-Search--356b2-erly-and-has-basic-elements-Mobile-Chrome/video.webm]]

[[ATTACHMENT|simpleSearch-Basic-Search--356b2-erly-and-has-basic-elements-Mobile-Chrome/error-context.md]]

[[ATTACHMENT|simpleSearch-Basic-Search--356b2-erly-and-has-basic-elements-Mobile-Chrome/trace.zip]]

[[ATTACHMENT|simpleSearch-Basic-Search--356b2-erly-and-has-basic-elements-Mobile-Chrome-retry1/test-failed-1.png]]

[[ATTACHMENT|simpleSearch-Basic-Search--356b2-erly-and-has-basic-elements-Mobile-Chrome-retry1/video.webm]]

[[ATTACHMENT|simpleSearch-Basic-Search--356b2-erly-and-has-basic-elements-Mobile-Chrome-retry1/error-context.md]]

[[ATTACHMENT|simpleSearch-Basic-Search--356b2-erly-and-has-basic-elements-Mobile-Chrome-retry1/trace.zip]]
]]>
</system-out>
</testcase>
</testsuite>
</testsuites>